gilbreth-c002.rcac.purdue.edu
Total tasks: 4
Total tasks per node: 4
CPUs per task: 4
CUDA visible devices: 0,1,2,3
Number of nodes: 1
The following modules were not unloaded:
  (Use "module --force purge" to unload all):

  1) xalt/1.1.2
Process rank: 0
Local rank: 0
World size: 4
num_proc        : 4
batch_size      : 16
num_epochs      : 1
Process rank: 2
Local rank: 2
World size: 4
num_proc        : 4
batch_size      : 16
num_epochs      : 1
Process rank: 3
Local rank: 3
World size: 4
num_proc        : 4
batch_size      : 16
num_epochs      : 1
Process rank: 1
Local rank: 1
World size: 4
num_proc        : 4
batch_size      : 16
num_epochs      : 1
gilbreth-c002:20283:20283 [0] NCCL INFO NCCL_SOCKET_IFNAME set by environment to ^docker,eth,lo
gilbreth-c002:20283:20283 [0] NCCL INFO Bootstrap : Using ib0:172.18.36.32<0>
gilbreth-c002:20283:20283 [0] NCCL INFO NET/Plugin : dlerror=libnccl-net.so: cannot open shared object file: No such file or directory No plugin found (libnccl-net.so), using internal implementation
gilbreth-c002:20283:20283 [0] NCCL INFO cudaDriverVersion 12030
NCCL version 2.20.5+cuda11.0
gilbreth-c002:20283:20349 [0] NCCL INFO NCCL_SOCKET_IFNAME set by environment to ^docker,eth,lo
gilbreth-c002:20283:20349 [0] NCCL INFO NET/IB : Using [0]mlx5_0:1/IB [RO]; OOB ib0:172.18.36.32<0>
gilbreth-c002:20283:20349 [0] NCCL INFO Using non-device net plugin version 0
gilbreth-c002:20283:20349 [0] NCCL INFO Using network IB
gilbreth-c002:20285:20285 [2] NCCL INFO cudaDriverVersion 12030
gilbreth-c002:20285:20285 [2] NCCL INFO NCCL_SOCKET_IFNAME set by environment to ^docker,eth,lo
gilbreth-c002:20285:20285 [2] NCCL INFO Bootstrap : Using ib0:172.18.36.32<0>
gilbreth-c002:20285:20285 [2] NCCL INFO NET/Plugin : dlerror=libnccl-net.so: cannot open shared object file: No such file or directory No plugin found (libnccl-net.so), using internal implementation
gilbreth-c002:20284:20284 [1] NCCL INFO cudaDriverVersion 12030
gilbreth-c002:20284:20284 [1] NCCL INFO NCCL_SOCKET_IFNAME set by environment to ^docker,eth,lo
gilbreth-c002:20284:20284 [1] NCCL INFO Bootstrap : Using ib0:172.18.36.32<0>
gilbreth-c002:20284:20284 [1] NCCL INFO NET/Plugin : dlerror=libnccl-net.so: cannot open shared object file: No such file or directory No plugin found (libnccl-net.so), using internal implementation
gilbreth-c002:20286:20286 [3] NCCL INFO cudaDriverVersion 12030
gilbreth-c002:20286:20286 [3] NCCL INFO NCCL_SOCKET_IFNAME set by environment to ^docker,eth,lo
gilbreth-c002:20286:20286 [3] NCCL INFO Bootstrap : Using ib0:172.18.36.32<0>
gilbreth-c002:20286:20286 [3] NCCL INFO NET/Plugin : dlerror=libnccl-net.so: cannot open shared object file: No such file or directory No plugin found (libnccl-net.so), using internal implementation
gilbreth-c002:20285:20353 [2] NCCL INFO NCCL_SOCKET_IFNAME set by environment to ^docker,eth,lo
gilbreth-c002:20285:20353 [2] NCCL INFO NET/IB : Using [0]mlx5_0:1/IB [RO]; OOB ib0:172.18.36.32<0>
gilbreth-c002:20285:20353 [2] NCCL INFO Using non-device net plugin version 0
gilbreth-c002:20285:20353 [2] NCCL INFO Using network IB
gilbreth-c002:20284:20355 [1] NCCL INFO NCCL_SOCKET_IFNAME set by environment to ^docker,eth,lo
gilbreth-c002:20284:20355 [1] NCCL INFO NET/IB : Using [0]mlx5_0:1/IB [RO]; OOB ib0:172.18.36.32<0>
gilbreth-c002:20284:20355 [1] NCCL INFO Using non-device net plugin version 0
gilbreth-c002:20284:20355 [1] NCCL INFO Using network IB
gilbreth-c002:20286:20357 [3] NCCL INFO NCCL_SOCKET_IFNAME set by environment to ^docker,eth,lo
gilbreth-c002:20286:20357 [3] NCCL INFO NET/IB : Using [0]mlx5_0:1/IB [RO]; OOB ib0:172.18.36.32<0>
gilbreth-c002:20286:20357 [3] NCCL INFO Using non-device net plugin version 0
gilbreth-c002:20286:20357 [3] NCCL INFO Using network IB
gilbreth-c002:20285:20353 [2] NCCL INFO comm 0x56140d6718e0 rank 2 nranks 4 cudaDev 2 nvmlDev 2 busId 89000 commId 0xb4c6868a4f325f6e - Init START
gilbreth-c002:20283:20349 [0] NCCL INFO comm 0x5555fc594cf0 rank 0 nranks 4 cudaDev 0 nvmlDev 0 busId 61000 commId 0xb4c6868a4f325f6e - Init START
gilbreth-c002:20286:20357 [3] NCCL INFO comm 0x55892fab72d0 rank 3 nranks 4 cudaDev 3 nvmlDev 3 busId 8a000 commId 0xb4c6868a4f325f6e - Init START
gilbreth-c002:20284:20355 [1] NCCL INFO comm 0x559117136630 rank 1 nranks 4 cudaDev 1 nvmlDev 1 busId 62000 commId 0xb4c6868a4f325f6e - Init START
gilbreth-c002:20283:20349 [0] NCCL INFO Setting affinity for GPU 0 to 03ff
gilbreth-c002:20285:20353 [2] NCCL INFO Setting affinity for GPU 2 to 0ffc00
gilbreth-c002:20286:20357 [3] NCCL INFO Setting affinity for GPU 3 to 0ffc00
gilbreth-c002:20284:20355 [1] NCCL INFO Setting affinity for GPU 1 to 03ff
gilbreth-c002:20285:20353 [2] NCCL INFO comm 0x56140d6718e0 rank 2 nRanks 4 nNodes 1 localRanks 4 localRank 2 MNNVL 0
gilbreth-c002:20284:20355 [1] NCCL INFO comm 0x559117136630 rank 1 nRanks 4 nNodes 1 localRanks 4 localRank 1 MNNVL 0
gilbreth-c002:20283:20349 [0] NCCL INFO comm 0x5555fc594cf0 rank 0 nRanks 4 nNodes 1 localRanks 4 localRank 0 MNNVL 0
gilbreth-c002:20283:20349 [0] NCCL INFO Channel 00/12 :    0   1   2   3
gilbreth-c002:20283:20349 [0] NCCL INFO Channel 01/12 :    0   1   3   2
gilbreth-c002:20283:20349 [0] NCCL INFO Channel 02/12 :    0   2   3   1
gilbreth-c002:20283:20349 [0] NCCL INFO Channel 03/12 :    0   2   1   3
gilbreth-c002:20286:20357 [3] NCCL INFO comm 0x55892fab72d0 rank 3 nRanks 4 nNodes 1 localRanks 4 localRank 3 MNNVL 0
gilbreth-c002:20283:20349 [0] NCCL INFO Channel 04/12 :    0   3   1   2
gilbreth-c002:20284:20355 [1] NCCL INFO Trees [0] 2/-1/-1->1->0 [1] 2/-1/-1->1->0 [2] 3/-1/-1->1->2 [3] 3/-1/-1->1->2 [4] 0/-1/-1->1->-1 [5] 0/-1/-1->1->-1 [6] 2/-1/-1->1->0 [7] 2/-1/-1->1->0 [8] 3/-1/-1->1->2 [9] 3/-1/-1->1->2 [10] 0/-1/-1->1->-1 [11] 0/-1/-1->1->-1
gilbreth-c002:20283:20349 [0] NCCL INFO Channel 05/12 :    0   3   2   1
gilbreth-c002:20283:20349 [0] NCCL INFO Channel 06/12 :    0   1   2   3
gilbreth-c002:20284:20355 [1] NCCL INFO P2P Chunksize set to 524288
gilbreth-c002:20283:20349 [0] NCCL INFO Channel 07/12 :    0   1   3   2
gilbreth-c002:20283:20349 [0] NCCL INFO Channel 08/12 :    0   2   3   1
gilbreth-c002:20283:20349 [0] NCCL INFO Channel 09/12 :    0   2   1   3
gilbreth-c002:20283:20349 [0] NCCL INFO Channel 10/12 :    0   3   1   2
gilbreth-c002:20283:20349 [0] NCCL INFO Channel 11/12 :    0   3   2   1
gilbreth-c002:20285:20353 [2] NCCL INFO Trees [0] 3/-1/-1->2->1 [1] 3/-1/-1->2->1 [2] 1/-1/-1->2->0 [3] 1/-1/-1->2->0 [4] -1/-1/-1->2->3 [5] -1/-1/-1->2->3 [6] 3/-1/-1->2->1 [7] 3/-1/-1->2->1 [8] 1/-1/-1->2->0 [9] 1/-1/-1->2->0 [10] -1/-1/-1->2->3 [11] -1/-1/-1->2->3
gilbreth-c002:20285:20353 [2] NCCL INFO P2P Chunksize set to 524288
gilbreth-c002:20283:20349 [0] NCCL INFO Trees [0] 1/-1/-1->0->-1 [1] 1/-1/-1->0->-1 [2] 2/-1/-1->0->-1 [3] 2/-1/-1->0->-1 [4] 3/-1/-1->0->1 [5] 3/-1/-1->0->1 [6] 1/-1/-1->0->-1 [7] 1/-1/-1->0->-1 [8] 2/-1/-1->0->-1 [9] 2/-1/-1->0->-1 [10] 3/-1/-1->0->1 [11] 3/-1/-1->0->1
gilbreth-c002:20283:20349 [0] NCCL INFO P2P Chunksize set to 524288
gilbreth-c002:20286:20357 [3] NCCL INFO Trees [0] -1/-1/-1->3->2 [1] -1/-1/-1->3->2 [2] -1/-1/-1->3->1 [3] -1/-1/-1->3->1 [4] 2/-1/-1->3->0 [5] 2/-1/-1->3->0 [6] -1/-1/-1->3->2 [7] -1/-1/-1->3->2 [8] -1/-1/-1->3->1 [9] -1/-1/-1->3->1 [10] 2/-1/-1->3->0 [11] 2/-1/-1->3->0
gilbreth-c002:20286:20357 [3] NCCL INFO P2P Chunksize set to 524288
gilbreth-c002:20283:20349 [0] NCCL INFO Channel 00/0 : 0[0] -> 1[1] via P2P/IPC
gilbreth-c002:20284:20355 [1] NCCL INFO Channel 00/0 : 1[1] -> 2[2] via P2P/IPC
gilbreth-c002:20283:20349 [0] NCCL INFO Channel 01/0 : 0[0] -> 1[1] via P2P/IPC
gilbreth-c002:20284:20355 [1] NCCL INFO Channel 04/0 : 1[1] -> 2[2] via P2P/IPC
gilbreth-c002:20283:20349 [0] NCCL INFO Channel 06/0 : 0[0] -> 1[1] via P2P/IPC
gilbreth-c002:20284:20355 [1] NCCL INFO Channel 06/0 : 1[1] -> 2[2] via P2P/IPC
gilbreth-c002:20283:20349 [0] NCCL INFO Channel 07/0 : 0[0] -> 1[1] via P2P/IPC
gilbreth-c002:20285:20353 [2] NCCL INFO Channel 00/0 : 2[2] -> 3[3] via P2P/IPC
gilbreth-c002:20284:20355 [1] NCCL INFO Channel 10/0 : 1[1] -> 2[2] via P2P/IPC
gilbreth-c002:20286:20357 [3] NCCL INFO Channel 00/0 : 3[3] -> 0[0] via P2P/IPC
gilbreth-c002:20285:20353 [2] NCCL INFO Channel 02/0 : 2[2] -> 3[3] via P2P/IPC
gilbreth-c002:20286:20357 [3] NCCL INFO Channel 03/0 : 3[3] -> 0[0] via P2P/IPC
gilbreth-c002:20285:20353 [2] NCCL INFO Channel 06/0 : 2[2] -> 3[3] via P2P/IPC
gilbreth-c002:20286:20357 [3] NCCL INFO Channel 06/0 : 3[3] -> 0[0] via P2P/IPC
gilbreth-c002:20285:20353 [2] NCCL INFO Channel 08/0 : 2[2] -> 3[3] via P2P/IPC
gilbreth-c002:20286:20357 [3] NCCL INFO Channel 09/0 : 3[3] -> 0[0] via P2P/IPC
gilbreth-c002:20284:20355 [1] NCCL INFO Channel 01/0 : 1[1] -> 3[3] via P2P/IPC
gilbreth-c002:20283:20349 [0] NCCL INFO Channel 02/0 : 0[0] -> 2[2] via P2P/IPC
gilbreth-c002:20284:20355 [1] NCCL INFO Channel 03/0 : 1[1] -> 3[3] via P2P/IPC
gilbreth-c002:20283:20349 [0] NCCL INFO Channel 03/0 : 0[0] -> 2[2] via P2P/IPC
gilbreth-c002:20285:20353 [2] NCCL INFO Channel 01/0 : 2[2] -> 0[0] via P2P/IPC
gilbreth-c002:20286:20357 [3] NCCL INFO Channel 02/0 : 3[3] -> 1[1] via P2P/IPC
gilbreth-c002:20284:20355 [1] NCCL INFO Channel 07/0 : 1[1] -> 3[3] via P2P/IPC
gilbreth-c002:20283:20349 [0] NCCL INFO Channel 08/0 : 0[0] -> 2[2] via P2P/IPC
gilbreth-c002:20284:20355 [1] NCCL INFO Channel 09/0 : 1[1] -> 3[3] via P2P/IPC
gilbreth-c002:20285:20353 [2] NCCL INFO Channel 04/0 : 2[2] -> 0[0] via P2P/IPC
gilbreth-c002:20283:20349 [0] NCCL INFO Channel 09/0 : 0[0] -> 2[2] via P2P/IPC
gilbreth-c002:20286:20357 [3] NCCL INFO Channel 04/0 : 3[3] -> 1[1] via P2P/IPC
gilbreth-c002:20285:20353 [2] NCCL INFO Channel 07/0 : 2[2] -> 0[0] via P2P/IPC
gilbreth-c002:20286:20357 [3] NCCL INFO Channel 08/0 : 3[3] -> 1[1] via P2P/IPC
gilbreth-c002:20285:20353 [2] NCCL INFO Channel 10/0 : 2[2] -> 0[0] via P2P/IPC
gilbreth-c002:20286:20357 [3] NCCL INFO Channel 10/0 : 3[3] -> 1[1] via P2P/IPC
gilbreth-c002:20283:20349 [0] NCCL INFO Channel 04/0 : 0[0] -> 3[3] via P2P/IPC
gilbreth-c002:20284:20355 [1] NCCL INFO Channel 02/0 : 1[1] -> 0[0] via P2P/IPC
gilbreth-c002:20283:20349 [0] NCCL INFO Channel 05/0 : 0[0] -> 3[3] via P2P/IPC
gilbreth-c002:20284:20355 [1] NCCL INFO Channel 05/0 : 1[1] -> 0[0] via P2P/IPC
gilbreth-c002:20286:20357 [3] NCCL INFO Channel 01/0 : 3[3] -> 2[2] via P2P/IPC
gilbreth-c002:20285:20353 [2] NCCL INFO Channel 03/0 : 2[2] -> 1[1] via P2P/IPC
gilbreth-c002:20283:20349 [0] NCCL INFO Channel 10/0 : 0[0] -> 3[3] via P2P/IPC
gilbreth-c002:20284:20355 [1] NCCL INFO Channel 08/0 : 1[1] -> 0[0] via P2P/IPC
gilbreth-c002:20286:20357 [3] NCCL INFO Channel 05/0 : 3[3] -> 2[2] via P2P/IPC
gilbreth-c002:20285:20353 [2] NCCL INFO Channel 05/0 : 2[2] -> 1[1] via P2P/IPC
gilbreth-c002:20283:20349 [0] NCCL INFO Channel 11/0 : 0[0] -> 3[3] via P2P/IPC
gilbreth-c002:20284:20355 [1] NCCL INFO Channel 11/0 : 1[1] -> 0[0] via P2P/IPC
gilbreth-c002:20286:20357 [3] NCCL INFO Channel 07/0 : 3[3] -> 2[2] via P2P/IPC
gilbreth-c002:20285:20353 [2] NCCL INFO Channel 09/0 : 2[2] -> 1[1] via P2P/IPC
gilbreth-c002:20285:20353 [2] NCCL INFO Channel 11/0 : 2[2] -> 1[1] via P2P/IPC
gilbreth-c002:20286:20357 [3] NCCL INFO Channel 11/0 : 3[3] -> 2[2] via P2P/IPC
gilbreth-c002:20284:20355 [1] NCCL INFO Connected all rings
gilbreth-c002:20285:20353 [2] NCCL INFO Connected all rings
gilbreth-c002:20283:20349 [0] NCCL INFO Connected all rings
gilbreth-c002:20286:20357 [3] NCCL INFO Connected all rings
gilbreth-c002:20284:20355 [1] NCCL INFO Channel 01/0 : 1[1] -> 2[2] via P2P/IPC
gilbreth-c002:20283:20349 [0] NCCL INFO Channel 04/0 : 0[0] -> 1[1] via P2P/IPC
gilbreth-c002:20284:20355 [1] NCCL INFO Channel 02/0 : 1[1] -> 2[2] via P2P/IPC
gilbreth-c002:20283:20349 [0] NCCL INFO Channel 05/0 : 0[0] -> 1[1] via P2P/IPC
gilbreth-c002:20283:20349 [0] NCCL INFO Channel 10/0 : 0[0] -> 1[1] via P2P/IPC
gilbreth-c002:20284:20355 [1] NCCL INFO Channel 03/0 : 1[1] -> 2[2] via P2P/IPC
gilbreth-c002:20283:20349 [0] NCCL INFO Channel 11/0 : 0[0] -> 1[1] via P2P/IPC
gilbreth-c002:20284:20355 [1] NCCL INFO Channel 07/0 : 1[1] -> 2[2] via P2P/IPC
gilbreth-c002:20285:20353 [2] NCCL INFO Channel 01/0 : 2[2] -> 3[3] via P2P/IPC
gilbreth-c002:20284:20355 [1] NCCL INFO Channel 08/0 : 1[1] -> 2[2] via P2P/IPC
gilbreth-c002:20286:20357 [3] NCCL INFO Channel 04/0 : 3[3] -> 0[0] via P2P/IPC
gilbreth-c002:20285:20353 [2] NCCL INFO Channel 04/0 : 2[2] -> 3[3] via P2P/IPC
gilbreth-c002:20284:20355 [1] NCCL INFO Channel 09/0 : 1[1] -> 2[2] via P2P/IPC
gilbreth-c002:20286:20357 [3] NCCL INFO Channel 05/0 : 3[3] -> 0[0] via P2P/IPC
gilbreth-c002:20285:20353 [2] NCCL INFO Channel 05/0 : 2[2] -> 3[3] via P2P/IPC
gilbreth-c002:20286:20357 [3] NCCL INFO Channel 10/0 : 3[3] -> 0[0] via P2P/IPC
gilbreth-c002:20285:20353 [2] NCCL INFO Channel 07/0 : 2[2] -> 3[3] via P2P/IPC
gilbreth-c002:20286:20357 [3] NCCL INFO Channel 11/0 : 3[3] -> 0[0] via P2P/IPC
gilbreth-c002:20285:20353 [2] NCCL INFO Channel 10/0 : 2[2] -> 3[3] via P2P/IPC
gilbreth-c002:20285:20353 [2] NCCL INFO Channel 11/0 : 2[2] -> 3[3] via P2P/IPC
gilbreth-c002:20285:20353 [2] NCCL INFO Channel 02/0 : 2[2] -> 0[0] via P2P/IPC
gilbreth-c002:20285:20353 [2] NCCL INFO Channel 03/0 : 2[2] -> 0[0] via P2P/IPC
gilbreth-c002:20284:20355 [1] NCCL INFO Channel 02/0 : 1[1] -> 3[3] via P2P/IPC
gilbreth-c002:20285:20353 [2] NCCL INFO Channel 08/0 : 2[2] -> 0[0] via P2P/IPC
gilbreth-c002:20284:20355 [1] NCCL INFO Channel 08/0 : 1[1] -> 3[3] via P2P/IPC
gilbreth-c002:20286:20357 [3] NCCL INFO Channel 03/0 : 3[3] -> 1[1] via P2P/IPC
gilbreth-c002:20285:20353 [2] NCCL INFO Channel 09/0 : 2[2] -> 0[0] via P2P/IPC
gilbreth-c002:20286:20357 [3] NCCL INFO Channel 09/0 : 3[3] -> 1[1] via P2P/IPC
gilbreth-c002:20286:20357 [3] NCCL INFO Channel 00/0 : 3[3] -> 2[2] via P2P/IPC
gilbreth-c002:20286:20357 [3] NCCL INFO Channel 04/0 : 3[3] -> 2[2] via P2P/IPC
gilbreth-c002:20286:20357 [3] NCCL INFO Channel 06/0 : 3[3] -> 2[2] via P2P/IPC
gilbreth-c002:20286:20357 [3] NCCL INFO Channel 10/0 : 3[3] -> 2[2] via P2P/IPC
gilbreth-c002:20285:20353 [2] NCCL INFO Channel 00/0 : 2[2] -> 1[1] via P2P/IPC
gilbreth-c002:20284:20355 [1] NCCL INFO Channel 00/0 : 1[1] -> 0[0] via P2P/IPC
gilbreth-c002:20285:20353 [2] NCCL INFO Channel 01/0 : 2[2] -> 1[1] via P2P/IPC
gilbreth-c002:20284:20355 [1] NCCL INFO Channel 01/0 : 1[1] -> 0[0] via P2P/IPC
gilbreth-c002:20285:20353 [2] NCCL INFO Channel 02/0 : 2[2] -> 1[1] via P2P/IPC
gilbreth-c002:20284:20355 [1] NCCL INFO Channel 04/0 : 1[1] -> 0[0] via P2P/IPC
gilbreth-c002:20284:20355 [1] NCCL INFO Channel 06/0 : 1[1] -> 0[0] via P2P/IPC
gilbreth-c002:20285:20353 [2] NCCL INFO Channel 06/0 : 2[2] -> 1[1] via P2P/IPC
gilbreth-c002:20284:20355 [1] NCCL INFO Channel 07/0 : 1[1] -> 0[0] via P2P/IPC
gilbreth-c002:20285:20353 [2] NCCL INFO Channel 07/0 : 2[2] -> 1[1] via P2P/IPC
gilbreth-c002:20284:20355 [1] NCCL INFO Channel 10/0 : 1[1] -> 0[0] via P2P/IPC
gilbreth-c002:20285:20353 [2] NCCL INFO Channel 08/0 : 2[2] -> 1[1] via P2P/IPC
gilbreth-c002:20283:20349 [0] NCCL INFO Connected all trees
gilbreth-c002:20284:20355 [1] NCCL INFO Connected all trees
gilbreth-c002:20284:20355 [1] NCCL INFO threadThresholds 8/8/64 | 32/8/64 | 512 | 512
gilbreth-c002:20284:20355 [1] NCCL INFO 12 coll channels, 0 collnet channels, 0 nvls channels, 16 p2p channels, 4 p2p channels per peer
gilbreth-c002:20283:20349 [0] NCCL INFO threadThresholds 8/8/64 | 32/8/64 | 512 | 512
gilbreth-c002:20283:20349 [0] NCCL INFO 12 coll channels, 0 collnet channels, 0 nvls channels, 16 p2p channels, 4 p2p channels per peer
gilbreth-c002:20286:20357 [3] NCCL INFO Connected all trees
gilbreth-c002:20286:20357 [3] NCCL INFO threadThresholds 8/8/64 | 32/8/64 | 512 | 512
gilbreth-c002:20286:20357 [3] NCCL INFO 12 coll channels, 0 collnet channels, 0 nvls channels, 16 p2p channels, 4 p2p channels per peer
gilbreth-c002:20285:20353 [2] NCCL INFO Connected all trees
gilbreth-c002:20285:20353 [2] NCCL INFO threadThresholds 8/8/64 | 32/8/64 | 512 | 512
gilbreth-c002:20285:20353 [2] NCCL INFO 12 coll channels, 0 collnet channels, 0 nvls channels, 16 p2p channels, 4 p2p channels per peer
gilbreth-c002:20283:20349 [0] NCCL INFO comm 0x5555fc594cf0 rank 0 nranks 4 cudaDev 0 nvmlDev 0 busId 61000 commId 0xb4c6868a4f325f6e - Init COMPLETE
gilbreth-c002:20285:20353 [2] NCCL INFO comm 0x56140d6718e0 rank 2 nranks 4 cudaDev 2 nvmlDev 2 busId 89000 commId 0xb4c6868a4f325f6e - Init COMPLETE
gilbreth-c002:20284:20355 [1] NCCL INFO comm 0x559117136630 rank 1 nranks 4 cudaDev 1 nvmlDev 1 busId 62000 commId 0xb4c6868a4f325f6e - Init COMPLETE
gilbreth-c002:20286:20357 [3] NCCL INFO comm 0x55892fab72d0 rank 3 nranks 4 cudaDev 3 nvmlDev 3 busId 8a000 commId 0xb4c6868a4f325f6e - Init COMPLETE
The token has not been saved to the git credentials helper. Pass `add_to_git_credential=True` in this function directly or `--add-to-git-credential` if using via `huggingface-cli` if you want to set the git credential as well.
The token has not been saved to the git credentials helper. Pass `add_to_git_credential=True` in this function directly or `--add-to-git-credential` if using via `huggingface-cli` if you want to set the git credential as well.
The token has not been saved to the git credentials helper. Pass `add_to_git_credential=True` in this function directly or `--add-to-git-credential` if using via `huggingface-cli` if you want to set the git credential as well.
The token has not been saved to the git credentials helper. Pass `add_to_git_credential=True` in this function directly or `--add-to-git-credential` if using via `huggingface-cli` if you want to set the git credential as well.
Token is valid (permission: fineGrained).
Token is valid (permission: fineGrained).
Token is valid (permission: fineGrained).
Your token has been saved to /home/ahmedb/.cache/huggingface/token
Login successful
Login to hub successful...!
Your token has been saved to /home/ahmedb/.cache/huggingface/token
Login successful
Login to hub successful...!
Your token has been saved to /home/ahmedb/.cache/huggingface/token
Login successful
Login to hub successful...!
Token is valid (permission: fineGrained).
Your token has been saved to /home/ahmedb/.cache/huggingface/token
Login successful
Login to hub successful...!
[rank3]: Traceback (most recent call last):
[rank3]:   File "../scripts/pretrain_wav2vec2.py", line 156, in <module>
[rank3]:     train_wav2vec2(args)
[rank3]:   File "../scripts/pretrain_wav2vec2.py", line 62, in train_wav2vec2
[rank3]:     training_args = TrainingArguments(
[rank3]:   File "<string>", line 129, in __init__
[rank3]:   File "/home/ahmedb/.conda/envs/cent7/2020.11-py38/wav2letter/lib/python3.8/site-packages/transformers/training_args.py", line 1575, in __post_init__
[rank3]:     raise ValueError(
[rank3]: ValueError: --load_best_model_at_end requires the saving steps to be a round multiple of the evaluation steps, but found 500, which is not a round multiple of 5000.
[rank2]: Traceback (most recent call last):
[rank2]:   File "../scripts/pretrain_wav2vec2.py", line 156, in <module>
[rank2]:     train_wav2vec2(args)
[rank2]:   File "../scripts/pretrain_wav2vec2.py", line 62, in train_wav2vec2
[rank2]:     training_args = TrainingArguments(
[rank2]:   File "<string>", line 129, in __init__
[rank2]:   File "/home/ahmedb/.conda/envs/cent7/2020.11-py38/wav2letter/lib/python3.8/site-packages/transformers/training_args.py", line 1575, in __post_init__
[rank2]:     raise ValueError(
[rank2]: ValueError: --load_best_model_at_end requires the saving steps to be a round multiple of the evaluation steps, but found 500, which is not a round multiple of 5000.
[rank1]: Traceback (most recent call last):
[rank1]:   File "../scripts/pretrain_wav2vec2.py", line 156, in <module>
[rank1]:     train_wav2vec2(args)
[rank1]:   File "../scripts/pretrain_wav2vec2.py", line 62, in train_wav2vec2
[rank1]:     training_args = TrainingArguments(
[rank1]:   File "<string>", line 129, in __init__
[rank1]:   File "/home/ahmedb/.conda/envs/cent7/2020.11-py38/wav2letter/lib/python3.8/site-packages/transformers/training_args.py", line 1575, in __post_init__
[rank1]:     raise ValueError(
[rank1]: ValueError: --load_best_model_at_end requires the saving steps to be a round multiple of the evaluation steps, but found 500, which is not a round multiple of 5000.
[rank0]: Traceback (most recent call last):
[rank0]:   File "../scripts/pretrain_wav2vec2.py", line 156, in <module>
[rank0]:     train_wav2vec2(args)
[rank0]:   File "../scripts/pretrain_wav2vec2.py", line 62, in train_wav2vec2
[rank0]:     training_args = TrainingArguments(
[rank0]:   File "<string>", line 129, in __init__
[rank0]:   File "/home/ahmedb/.conda/envs/cent7/2020.11-py38/wav2letter/lib/python3.8/site-packages/transformers/training_args.py", line 1575, in __post_init__
[rank0]:     raise ValueError(
[rank0]: ValueError: --load_best_model_at_end requires the saving steps to be a round multiple of the evaluation steps, but found 500, which is not a round multiple of 5000.
E0721 19:00:47.911883 47620888149696 torch/distributed/elastic/multiprocessing/api.py:826] failed (exitcode: 1) local_rank: 0 (pid: 20283) of binary: /home/ahmedb/.conda/envs/cent7/2020.11-py38/wav2letter/bin/python
Traceback (most recent call last):
  File "/home/ahmedb/.conda/envs/cent7/2020.11-py38/wav2letter/bin/torchrun", line 8, in <module>
    sys.exit(main())
  File "/home/ahmedb/.conda/envs/cent7/2020.11-py38/wav2letter/lib/python3.8/site-packages/torch/distributed/elastic/multiprocessing/errors/__init__.py", line 347, in wrapper
    return f(*args, **kwargs)
  File "/home/ahmedb/.conda/envs/cent7/2020.11-py38/wav2letter/lib/python3.8/site-packages/torch/distributed/run.py", line 879, in main
    run(args)
  File "/home/ahmedb/.conda/envs/cent7/2020.11-py38/wav2letter/lib/python3.8/site-packages/torch/distributed/run.py", line 870, in run
    elastic_launch(
  File "/home/ahmedb/.conda/envs/cent7/2020.11-py38/wav2letter/lib/python3.8/site-packages/torch/distributed/launcher/api.py", line 132, in __call__
    return launch_agent(self._config, self._entrypoint, list(args))
  File "/home/ahmedb/.conda/envs/cent7/2020.11-py38/wav2letter/lib/python3.8/site-packages/torch/distributed/launcher/api.py", line 263, in launch_agent
    raise ChildFailedError(
torch.distributed.elastic.multiprocessing.errors.ChildFailedError: 
============================================================
../scripts/pretrain_wav2vec2.py FAILED
------------------------------------------------------------
Failures:
[1]:
  time      : 2024-07-21_19:00:47
  host      : gilbreth-c002.rcac.purdue.edu
  rank      : 1 (local_rank: 1)
  exitcode  : 1 (pid: 20284)
  error_file: <N/A>
  traceback : To enable traceback see: https://pytorch.org/docs/stable/elastic/errors.html
[2]:
  time      : 2024-07-21_19:00:47
  host      : gilbreth-c002.rcac.purdue.edu
  rank      : 2 (local_rank: 2)
  exitcode  : 1 (pid: 20285)
  error_file: <N/A>
  traceback : To enable traceback see: https://pytorch.org/docs/stable/elastic/errors.html
[3]:
  time      : 2024-07-21_19:00:47
  host      : gilbreth-c002.rcac.purdue.edu
  rank      : 3 (local_rank: 3)
  exitcode  : 1 (pid: 20286)
  error_file: <N/A>
  traceback : To enable traceback see: https://pytorch.org/docs/stable/elastic/errors.html
------------------------------------------------------------
Root Cause (first observed failure):
[0]:
  time      : 2024-07-21_19:00:47
  host      : gilbreth-c002.rcac.purdue.edu
  rank      : 0 (local_rank: 0)
  exitcode  : 1 (pid: 20283)
  error_file: <N/A>
  traceback : To enable traceback see: https://pytorch.org/docs/stable/elastic/errors.html
============================================================
