gilbreth-c002.rcac.purdue.edu
Total tasks: 4
Total tasks per node: 4
CPUs per task: 2
CUDA visible devices: 0,1,2,3
Number of nodes: 1
The following modules were not unloaded:
  (Use "module --force purge" to unload all):

  1) xalt/1.1.2
Process rank: 0
Local rank: 0
World size: 4
num_proc        : 2
batch_size      : 16
num_epochs      : 1
Process rank: 3
Local rank: 3
World size: 4
num_proc        : 2
batch_size      : 16
num_epochs      : 1
Process rank: 1
Local rank: 1
World size: 4
num_proc        : 2
batch_size      : 16
num_epochs      : 1
Process rank: 2
Local rank: 2
World size: 4
num_proc        : 2
batch_size      : 16
num_epochs      : 1
gilbreth-c002:6874:6874 [0] NCCL INFO NCCL_SOCKET_IFNAME set by environment to ^docker,eth,lo
gilbreth-c002:6874:6874 [0] NCCL INFO Bootstrap : Using ib0:172.18.36.32<0>
gilbreth-c002:6874:6874 [0] NCCL INFO NET/Plugin : dlerror=libnccl-net.so: cannot open shared object file: No such file or directory No plugin found (libnccl-net.so), using internal implementation
gilbreth-c002:6874:6874 [0] NCCL INFO cudaDriverVersion 12030
NCCL version 2.20.5+cuda11.0
gilbreth-c002:6877:6877 [3] NCCL INFO cudaDriverVersion 12030
gilbreth-c002:6877:6877 [3] NCCL INFO NCCL_SOCKET_IFNAME set by environment to ^docker,eth,lo
gilbreth-c002:6877:6877 [3] NCCL INFO Bootstrap : Using ib0:172.18.36.32<0>
gilbreth-c002:6877:6877 [3] NCCL INFO NET/Plugin : dlerror=libnccl-net.so: cannot open shared object file: No such file or directory No plugin found (libnccl-net.so), using internal implementation
gilbreth-c002:6875:6875 [1] NCCL INFO cudaDriverVersion 12030
gilbreth-c002:6875:6875 [1] NCCL INFO NCCL_SOCKET_IFNAME set by environment to ^docker,eth,lo
gilbreth-c002:6875:6875 [1] NCCL INFO Bootstrap : Using ib0:172.18.36.32<0>
gilbreth-c002:6875:6875 [1] NCCL INFO NET/Plugin : dlerror=libnccl-net.so: cannot open shared object file: No such file or directory No plugin found (libnccl-net.so), using internal implementation
gilbreth-c002:6876:6876 [2] NCCL INFO cudaDriverVersion 12030
gilbreth-c002:6876:6876 [2] NCCL INFO NCCL_SOCKET_IFNAME set by environment to ^docker,eth,lo
gilbreth-c002:6876:6876 [2] NCCL INFO Bootstrap : Using ib0:172.18.36.32<0>
gilbreth-c002:6876:6876 [2] NCCL INFO NET/Plugin : dlerror=libnccl-net.so: cannot open shared object file: No such file or directory No plugin found (libnccl-net.so), using internal implementation
gilbreth-c002:6874:6939 [0] NCCL INFO NCCL_SOCKET_IFNAME set by environment to ^docker,eth,lo
gilbreth-c002:6874:6939 [0] NCCL INFO NET/IB : Using [0]mlx5_0:1/IB [RO]; OOB ib0:172.18.36.32<0>
gilbreth-c002:6874:6939 [0] NCCL INFO Using non-device net plugin version 0
gilbreth-c002:6874:6939 [0] NCCL INFO Using network IB
gilbreth-c002:6877:6943 [3] NCCL INFO NCCL_SOCKET_IFNAME set by environment to ^docker,eth,lo
gilbreth-c002:6877:6943 [3] NCCL INFO NET/IB : Using [0]mlx5_0:1/IB [RO]; OOB ib0:172.18.36.32<0>
gilbreth-c002:6877:6943 [3] NCCL INFO Using non-device net plugin version 0
gilbreth-c002:6877:6943 [3] NCCL INFO Using network IB
gilbreth-c002:6875:6945 [1] NCCL INFO NCCL_SOCKET_IFNAME set by environment to ^docker,eth,lo
gilbreth-c002:6876:6946 [2] NCCL INFO NCCL_SOCKET_IFNAME set by environment to ^docker,eth,lo
gilbreth-c002:6875:6945 [1] NCCL INFO NET/IB : Using [0]mlx5_0:1/IB [RO]; OOB ib0:172.18.36.32<0>
gilbreth-c002:6875:6945 [1] NCCL INFO Using non-device net plugin version 0
gilbreth-c002:6875:6945 [1] NCCL INFO Using network IB
gilbreth-c002:6876:6946 [2] NCCL INFO NET/IB : Using [0]mlx5_0:1/IB [RO]; OOB ib0:172.18.36.32<0>
gilbreth-c002:6876:6946 [2] NCCL INFO Using non-device net plugin version 0
gilbreth-c002:6876:6946 [2] NCCL INFO Using network IB
gilbreth-c002:6875:6945 [1] NCCL INFO comm 0x55b4067056a0 rank 1 nranks 4 cudaDev 1 nvmlDev 1 busId 62000 commId 0x4ada55015e390523 - Init START
gilbreth-c002:6874:6939 [0] NCCL INFO comm 0x557e67d569c0 rank 0 nranks 4 cudaDev 0 nvmlDev 0 busId 61000 commId 0x4ada55015e390523 - Init START
gilbreth-c002:6876:6946 [2] NCCL INFO comm 0x557e333576b0 rank 2 nranks 4 cudaDev 2 nvmlDev 2 busId 89000 commId 0x4ada55015e390523 - Init START
gilbreth-c002:6877:6943 [3] NCCL INFO comm 0x560906d6c620 rank 3 nranks 4 cudaDev 3 nvmlDev 3 busId 8a000 commId 0x4ada55015e390523 - Init START
gilbreth-c002:6874:6939 [0] NCCL INFO Setting affinity for GPU 0 to 03ff
gilbreth-c002:6875:6945 [1] NCCL INFO Setting affinity for GPU 1 to 03ff
gilbreth-c002:6876:6946 [2] NCCL INFO Setting affinity for GPU 2 to 0ffc00
gilbreth-c002:6877:6943 [3] NCCL INFO Setting affinity for GPU 3 to 0ffc00
gilbreth-c002:6876:6946 [2] NCCL INFO comm 0x557e333576b0 rank 2 nRanks 4 nNodes 1 localRanks 4 localRank 2 MNNVL 0
gilbreth-c002:6875:6945 [1] NCCL INFO comm 0x55b4067056a0 rank 1 nRanks 4 nNodes 1 localRanks 4 localRank 1 MNNVL 0
gilbreth-c002:6874:6939 [0] NCCL INFO comm 0x557e67d569c0 rank 0 nRanks 4 nNodes 1 localRanks 4 localRank 0 MNNVL 0
gilbreth-c002:6874:6939 [0] NCCL INFO Channel 00/12 :    0   1   2   3
gilbreth-c002:6876:6946 [2] NCCL INFO Trees [0] 3/-1/-1->2->1 [1] 3/-1/-1->2->1 [2] 1/-1/-1->2->0 [3] 1/-1/-1->2->0 [4] -1/-1/-1->2->3 [5] -1/-1/-1->2->3 [6] 3/-1/-1->2->1 [7] 3/-1/-1->2->1 [8] 1/-1/-1->2->0 [9] 1/-1/-1->2->0 [10] -1/-1/-1->2->3 [11] -1/-1/-1->2->3
gilbreth-c002:6875:6945 [1] NCCL INFO Trees [0] 2/-1/-1->1->0 [1] 2/-1/-1->1->0 [2] 3/-1/-1->1->2 [3] 3/-1/-1->1->2 [4] 0/-1/-1->1->-1 [5] 0/-1/-1->1->-1 [6] 2/-1/-1->1->0 [7] 2/-1/-1->1->0 [8] 3/-1/-1->1->2 [9] 3/-1/-1->1->2 [10] 0/-1/-1->1->-1 [11] 0/-1/-1->1->-1
gilbreth-c002:6877:6943 [3] NCCL INFO comm 0x560906d6c620 rank 3 nRanks 4 nNodes 1 localRanks 4 localRank 3 MNNVL 0
gilbreth-c002:6874:6939 [0] NCCL INFO Channel 01/12 :    0   1   3   2
gilbreth-c002:6876:6946 [2] NCCL INFO P2P Chunksize set to 524288
gilbreth-c002:6875:6945 [1] NCCL INFO P2P Chunksize set to 524288
gilbreth-c002:6874:6939 [0] NCCL INFO Channel 02/12 :    0   2   3   1
gilbreth-c002:6874:6939 [0] NCCL INFO Channel 03/12 :    0   2   1   3
gilbreth-c002:6874:6939 [0] NCCL INFO Channel 04/12 :    0   3   1   2
gilbreth-c002:6874:6939 [0] NCCL INFO Channel 05/12 :    0   3   2   1
gilbreth-c002:6874:6939 [0] NCCL INFO Channel 06/12 :    0   1   2   3
gilbreth-c002:6874:6939 [0] NCCL INFO Channel 07/12 :    0   1   3   2
gilbreth-c002:6874:6939 [0] NCCL INFO Channel 08/12 :    0   2   3   1
gilbreth-c002:6874:6939 [0] NCCL INFO Channel 09/12 :    0   2   1   3
gilbreth-c002:6874:6939 [0] NCCL INFO Channel 10/12 :    0   3   1   2
gilbreth-c002:6874:6939 [0] NCCL INFO Channel 11/12 :    0   3   2   1
gilbreth-c002:6874:6939 [0] NCCL INFO Trees [0] 1/-1/-1->0->-1 [1] 1/-1/-1->0->-1 [2] 2/-1/-1->0->-1 [3] 2/-1/-1->0->-1 [4] 3/-1/-1->0->1 [5] 3/-1/-1->0->1 [6] 1/-1/-1->0->-1 [7] 1/-1/-1->0->-1 [8] 2/-1/-1->0->-1 [9] 2/-1/-1->0->-1 [10] 3/-1/-1->0->1 [11] 3/-1/-1->0->1
gilbreth-c002:6874:6939 [0] NCCL INFO P2P Chunksize set to 524288
gilbreth-c002:6877:6943 [3] NCCL INFO Trees [0] -1/-1/-1->3->2 [1] -1/-1/-1->3->2 [2] -1/-1/-1->3->1 [3] -1/-1/-1->3->1 [4] 2/-1/-1->3->0 [5] 2/-1/-1->3->0 [6] -1/-1/-1->3->2 [7] -1/-1/-1->3->2 [8] -1/-1/-1->3->1 [9] -1/-1/-1->3->1 [10] 2/-1/-1->3->0 [11] 2/-1/-1->3->0
gilbreth-c002:6877:6943 [3] NCCL INFO P2P Chunksize set to 524288
gilbreth-c002:6874:6939 [0] NCCL INFO Channel 00/0 : 0[0] -> 1[1] via P2P/IPC
gilbreth-c002:6876:6946 [2] NCCL INFO Channel 00/0 : 2[2] -> 3[3] via P2P/IPC
gilbreth-c002:6876:6946 [2] NCCL INFO Channel 02/0 : 2[2] -> 3[3] via P2P/IPC
gilbreth-c002:6874:6939 [0] NCCL INFO Channel 01/0 : 0[0] -> 1[1] via P2P/IPC
gilbreth-c002:6874:6939 [0] NCCL INFO Channel 06/0 : 0[0] -> 1[1] via P2P/IPC
gilbreth-c002:6875:6945 [1] NCCL INFO Channel 00/0 : 1[1] -> 2[2] via P2P/IPC
gilbreth-c002:6876:6946 [2] NCCL INFO Channel 06/0 : 2[2] -> 3[3] via P2P/IPC
gilbreth-c002:6874:6939 [0] NCCL INFO Channel 07/0 : 0[0] -> 1[1] via P2P/IPC
gilbreth-c002:6875:6945 [1] NCCL INFO Channel 04/0 : 1[1] -> 2[2] via P2P/IPC
gilbreth-c002:6876:6946 [2] NCCL INFO Channel 08/0 : 2[2] -> 3[3] via P2P/IPC
gilbreth-c002:6877:6943 [3] NCCL INFO Channel 00/0 : 3[3] -> 0[0] via P2P/IPC
gilbreth-c002:6875:6945 [1] NCCL INFO Channel 06/0 : 1[1] -> 2[2] via P2P/IPC
gilbreth-c002:6877:6943 [3] NCCL INFO Channel 03/0 : 3[3] -> 0[0] via P2P/IPC
gilbreth-c002:6875:6945 [1] NCCL INFO Channel 10/0 : 1[1] -> 2[2] via P2P/IPC
gilbreth-c002:6877:6943 [3] NCCL INFO Channel 06/0 : 3[3] -> 0[0] via P2P/IPC
gilbreth-c002:6877:6943 [3] NCCL INFO Channel 09/0 : 3[3] -> 0[0] via P2P/IPC
gilbreth-c002:6875:6945 [1] NCCL INFO Channel 01/0 : 1[1] -> 3[3] via P2P/IPC
gilbreth-c002:6874:6939 [0] NCCL INFO Channel 02/0 : 0[0] -> 2[2] via P2P/IPC
gilbreth-c002:6876:6946 [2] NCCL INFO Channel 01/0 : 2[2] -> 0[0] via P2P/IPC
gilbreth-c002:6875:6945 [1] NCCL INFO Channel 03/0 : 1[1] -> 3[3] via P2P/IPC
gilbreth-c002:6877:6943 [3] NCCL INFO Channel 02/0 : 3[3] -> 1[1] via P2P/IPC
gilbreth-c002:6874:6939 [0] NCCL INFO Channel 03/0 : 0[0] -> 2[2] via P2P/IPC
gilbreth-c002:6876:6946 [2] NCCL INFO Channel 04/0 : 2[2] -> 0[0] via P2P/IPC
gilbreth-c002:6875:6945 [1] NCCL INFO Channel 07/0 : 1[1] -> 3[3] via P2P/IPC
gilbreth-c002:6877:6943 [3] NCCL INFO Channel 04/0 : 3[3] -> 1[1] via P2P/IPC
gilbreth-c002:6874:6939 [0] NCCL INFO Channel 08/0 : 0[0] -> 2[2] via P2P/IPC
gilbreth-c002:6876:6946 [2] NCCL INFO Channel 07/0 : 2[2] -> 0[0] via P2P/IPC
gilbreth-c002:6875:6945 [1] NCCL INFO Channel 09/0 : 1[1] -> 3[3] via P2P/IPC
gilbreth-c002:6877:6943 [3] NCCL INFO Channel 08/0 : 3[3] -> 1[1] via P2P/IPC
gilbreth-c002:6874:6939 [0] NCCL INFO Channel 09/0 : 0[0] -> 2[2] via P2P/IPC
gilbreth-c002:6876:6946 [2] NCCL INFO Channel 10/0 : 2[2] -> 0[0] via P2P/IPC
gilbreth-c002:6877:6943 [3] NCCL INFO Channel 10/0 : 3[3] -> 1[1] via P2P/IPC
gilbreth-c002:6874:6939 [0] NCCL INFO Channel 04/0 : 0[0] -> 3[3] via P2P/IPC
gilbreth-c002:6876:6946 [2] NCCL INFO Channel 03/0 : 2[2] -> 1[1] via P2P/IPC
gilbreth-c002:6875:6945 [1] NCCL INFO Channel 02/0 : 1[1] -> 0[0] via P2P/IPC
gilbreth-c002:6877:6943 [3] NCCL INFO Channel 01/0 : 3[3] -> 2[2] via P2P/IPC
gilbreth-c002:6874:6939 [0] NCCL INFO Channel 05/0 : 0[0] -> 3[3] via P2P/IPC
gilbreth-c002:6876:6946 [2] NCCL INFO Channel 05/0 : 2[2] -> 1[1] via P2P/IPC
gilbreth-c002:6875:6945 [1] NCCL INFO Channel 05/0 : 1[1] -> 0[0] via P2P/IPC
gilbreth-c002:6877:6943 [3] NCCL INFO Channel 05/0 : 3[3] -> 2[2] via P2P/IPC
gilbreth-c002:6874:6939 [0] NCCL INFO Channel 10/0 : 0[0] -> 3[3] via P2P/IPC
gilbreth-c002:6876:6946 [2] NCCL INFO Channel 09/0 : 2[2] -> 1[1] via P2P/IPC
gilbreth-c002:6875:6945 [1] NCCL INFO Channel 08/0 : 1[1] -> 0[0] via P2P/IPC
gilbreth-c002:6877:6943 [3] NCCL INFO Channel 07/0 : 3[3] -> 2[2] via P2P/IPC
gilbreth-c002:6874:6939 [0] NCCL INFO Channel 11/0 : 0[0] -> 3[3] via P2P/IPC
gilbreth-c002:6876:6946 [2] NCCL INFO Channel 11/0 : 2[2] -> 1[1] via P2P/IPC
gilbreth-c002:6875:6945 [1] NCCL INFO Channel 11/0 : 1[1] -> 0[0] via P2P/IPC
gilbreth-c002:6877:6943 [3] NCCL INFO Channel 11/0 : 3[3] -> 2[2] via P2P/IPC
gilbreth-c002:6875:6945 [1] NCCL INFO Connected all rings
gilbreth-c002:6876:6946 [2] NCCL INFO Connected all rings
gilbreth-c002:6874:6939 [0] NCCL INFO Connected all rings
gilbreth-c002:6877:6943 [3] NCCL INFO Connected all rings
gilbreth-c002:6874:6939 [0] NCCL INFO Channel 04/0 : 0[0] -> 1[1] via P2P/IPC
gilbreth-c002:6875:6945 [1] NCCL INFO Channel 01/0 : 1[1] -> 2[2] via P2P/IPC
gilbreth-c002:6874:6939 [0] NCCL INFO Channel 05/0 : 0[0] -> 1[1] via P2P/IPC
gilbreth-c002:6875:6945 [1] NCCL INFO Channel 02/0 : 1[1] -> 2[2] via P2P/IPC
gilbreth-c002:6876:6946 [2] NCCL INFO Channel 01/0 : 2[2] -> 3[3] via P2P/IPC
gilbreth-c002:6874:6939 [0] NCCL INFO Channel 10/0 : 0[0] -> 1[1] via P2P/IPC
gilbreth-c002:6877:6943 [3] NCCL INFO Channel 04/0 : 3[3] -> 0[0] via P2P/IPC
gilbreth-c002:6875:6945 [1] NCCL INFO Channel 03/0 : 1[1] -> 2[2] via P2P/IPC
gilbreth-c002:6874:6939 [0] NCCL INFO Channel 11/0 : 0[0] -> 1[1] via P2P/IPC
gilbreth-c002:6876:6946 [2] NCCL INFO Channel 04/0 : 2[2] -> 3[3] via P2P/IPC
gilbreth-c002:6875:6945 [1] NCCL INFO Channel 07/0 : 1[1] -> 2[2] via P2P/IPC
gilbreth-c002:6877:6943 [3] NCCL INFO Channel 05/0 : 3[3] -> 0[0] via P2P/IPC
gilbreth-c002:6876:6946 [2] NCCL INFO Channel 05/0 : 2[2] -> 3[3] via P2P/IPC
gilbreth-c002:6875:6945 [1] NCCL INFO Channel 08/0 : 1[1] -> 2[2] via P2P/IPC
gilbreth-c002:6877:6943 [3] NCCL INFO Channel 10/0 : 3[3] -> 0[0] via P2P/IPC
gilbreth-c002:6876:6946 [2] NCCL INFO Channel 07/0 : 2[2] -> 3[3] via P2P/IPC
gilbreth-c002:6875:6945 [1] NCCL INFO Channel 09/0 : 1[1] -> 2[2] via P2P/IPC
gilbreth-c002:6877:6943 [3] NCCL INFO Channel 11/0 : 3[3] -> 0[0] via P2P/IPC
gilbreth-c002:6876:6946 [2] NCCL INFO Channel 10/0 : 2[2] -> 3[3] via P2P/IPC
gilbreth-c002:6876:6946 [2] NCCL INFO Channel 11/0 : 2[2] -> 3[3] via P2P/IPC
gilbreth-c002:6876:6946 [2] NCCL INFO Channel 02/0 : 2[2] -> 0[0] via P2P/IPC
gilbreth-c002:6876:6946 [2] NCCL INFO Channel 03/0 : 2[2] -> 0[0] via P2P/IPC
gilbreth-c002:6875:6945 [1] NCCL INFO Channel 02/0 : 1[1] -> 3[3] via P2P/IPC
gilbreth-c002:6877:6943 [3] NCCL INFO Channel 03/0 : 3[3] -> 1[1] via P2P/IPC
gilbreth-c002:6876:6946 [2] NCCL INFO Channel 08/0 : 2[2] -> 0[0] via P2P/IPC
gilbreth-c002:6875:6945 [1] NCCL INFO Channel 08/0 : 1[1] -> 3[3] via P2P/IPC
gilbreth-c002:6877:6943 [3] NCCL INFO Channel 09/0 : 3[3] -> 1[1] via P2P/IPC
gilbreth-c002:6876:6946 [2] NCCL INFO Channel 09/0 : 2[2] -> 0[0] via P2P/IPC
gilbreth-c002:6877:6943 [3] NCCL INFO Channel 00/0 : 3[3] -> 2[2] via P2P/IPC
gilbreth-c002:6877:6943 [3] NCCL INFO Channel 04/0 : 3[3] -> 2[2] via P2P/IPC
gilbreth-c002:6877:6943 [3] NCCL INFO Channel 06/0 : 3[3] -> 2[2] via P2P/IPC
gilbreth-c002:6877:6943 [3] NCCL INFO Channel 10/0 : 3[3] -> 2[2] via P2P/IPC
gilbreth-c002:6876:6946 [2] NCCL INFO Channel 00/0 : 2[2] -> 1[1] via P2P/IPC
gilbreth-c002:6876:6946 [2] NCCL INFO Channel 01/0 : 2[2] -> 1[1] via P2P/IPC
gilbreth-c002:6875:6945 [1] NCCL INFO Channel 00/0 : 1[1] -> 0[0] via P2P/IPC
gilbreth-c002:6876:6946 [2] NCCL INFO Channel 02/0 : 2[2] -> 1[1] via P2P/IPC
gilbreth-c002:6875:6945 [1] NCCL INFO Channel 01/0 : 1[1] -> 0[0] via P2P/IPC
gilbreth-c002:6876:6946 [2] NCCL INFO Channel 06/0 : 2[2] -> 1[1] via P2P/IPC
gilbreth-c002:6875:6945 [1] NCCL INFO Channel 04/0 : 1[1] -> 0[0] via P2P/IPC
gilbreth-c002:6876:6946 [2] NCCL INFO Channel 07/0 : 2[2] -> 1[1] via P2P/IPC
gilbreth-c002:6875:6945 [1] NCCL INFO Channel 06/0 : 1[1] -> 0[0] via P2P/IPC
gilbreth-c002:6876:6946 [2] NCCL INFO Channel 08/0 : 2[2] -> 1[1] via P2P/IPC
gilbreth-c002:6875:6945 [1] NCCL INFO Channel 07/0 : 1[1] -> 0[0] via P2P/IPC
gilbreth-c002:6875:6945 [1] NCCL INFO Channel 10/0 : 1[1] -> 0[0] via P2P/IPC
gilbreth-c002:6874:6939 [0] NCCL INFO Connected all trees
gilbreth-c002:6875:6945 [1] NCCL INFO Connected all trees
gilbreth-c002:6877:6943 [3] NCCL INFO Connected all trees
gilbreth-c002:6874:6939 [0] NCCL INFO threadThresholds 8/8/64 | 32/8/64 | 512 | 512
gilbreth-c002:6875:6945 [1] NCCL INFO threadThresholds 8/8/64 | 32/8/64 | 512 | 512
gilbreth-c002:6874:6939 [0] NCCL INFO 12 coll channels, 0 collnet channels, 0 nvls channels, 16 p2p channels, 4 p2p channels per peer
gilbreth-c002:6875:6945 [1] NCCL INFO 12 coll channels, 0 collnet channels, 0 nvls channels, 16 p2p channels, 4 p2p channels per peer
gilbreth-c002:6876:6946 [2] NCCL INFO Connected all trees
gilbreth-c002:6877:6943 [3] NCCL INFO threadThresholds 8/8/64 | 32/8/64 | 512 | 512
gilbreth-c002:6877:6943 [3] NCCL INFO 12 coll channels, 0 collnet channels, 0 nvls channels, 16 p2p channels, 4 p2p channels per peer
gilbreth-c002:6876:6946 [2] NCCL INFO threadThresholds 8/8/64 | 32/8/64 | 512 | 512
gilbreth-c002:6876:6946 [2] NCCL INFO 12 coll channels, 0 collnet channels, 0 nvls channels, 16 p2p channels, 4 p2p channels per peer
gilbreth-c002:6876:6946 [2] NCCL INFO comm 0x557e333576b0 rank 2 nranks 4 cudaDev 2 nvmlDev 2 busId 89000 commId 0x4ada55015e390523 - Init COMPLETE
gilbreth-c002:6874:6939 [0] NCCL INFO comm 0x557e67d569c0 rank 0 nranks 4 cudaDev 0 nvmlDev 0 busId 61000 commId 0x4ada55015e390523 - Init COMPLETE
gilbreth-c002:6875:6945 [1] NCCL INFO comm 0x55b4067056a0 rank 1 nranks 4 cudaDev 1 nvmlDev 1 busId 62000 commId 0x4ada55015e390523 - Init COMPLETE
gilbreth-c002:6877:6943 [3] NCCL INFO comm 0x560906d6c620 rank 3 nranks 4 cudaDev 3 nvmlDev 3 busId 8a000 commId 0x4ada55015e390523 - Init COMPLETE
The token has not been saved to the git credentials helper. Pass `add_to_git_credential=True` in this function directly or `--add-to-git-credential` if using via `huggingface-cli` if you want to set the git credential as well.
The token has not been saved to the git credentials helper. Pass `add_to_git_credential=True` in this function directly or `--add-to-git-credential` if using via `huggingface-cli` if you want to set the git credential as well.
The token has not been saved to the git credentials helper. Pass `add_to_git_credential=True` in this function directly or `--add-to-git-credential` if using via `huggingface-cli` if you want to set the git credential as well.
The token has not been saved to the git credentials helper. Pass `add_to_git_credential=True` in this function directly or `--add-to-git-credential` if using via `huggingface-cli` if you want to set the git credential as well.
Token is valid (permission: fineGrained).
Token is valid (permission: fineGrained).
Your token has been saved to /home/ahmedb/.cache/huggingface/token
Login successful
Login to hub successful...!
Your token has been saved to /home/ahmedb/.cache/huggingface/token
Login successful
Login to hub successful...!
Token is valid (permission: fineGrained).
Your token has been saved to /home/ahmedb/.cache/huggingface/token
Login successful
Login to hub successful...!
Token is valid (permission: fineGrained).
Your token has been saved to /home/ahmedb/.cache/huggingface/token
Login successful
Login to hub successful...!
Detected kernel version 3.10.0, which is below the recommended minimum of 5.5.0; this can cause the process to hang. It is recommended to upgrade the kernel to the minimum version or higher.
computing evaluation...!
computing evaluation...!
computing evaluation...!
computing evaluation...!
  0%|          | 0/2 [00:00<?, ?it/s]100%|██████████| 2/2 [00:00<00:00, 10.54it/s]Here is the output of evaluate: {'eval_runtime': 10.6792, 'eval_samples_per_second': 11.986, 'eval_steps_per_second': 0.187}
It took 0.3 min. to run.
Here is the output of evaluate: {'eval_runtime': 10.6921, 'eval_samples_per_second': 11.971, 'eval_steps_per_second': 0.187}
Here is the output of evaluate: {'eval_runtime': 10.583, 'eval_samples_per_second': 12.095, 'eval_steps_per_second': 0.189}
It took 0.3 min. to run.
It took 0.3 min. to run.
100%|██████████| 2/2 [00:00<00:00,  7.82it/s]
Here is the output of evaluate: {'eval_runtime': 10.6061, 'eval_samples_per_second': 12.069, 'eval_steps_per_second': 0.189}
It took 0.3 min. to run.
