gilbreth-c002.rcac.purdue.edu
Total tasks: 4
Total tasks per node: 4
CPUs per task: 2
CUDA visible devices: 0,1,2,3
Number of nodes: 1
The following modules were not unloaded:
  (Use "module --force purge" to unload all):

  1) xalt/1.1.2
num_proc        : 2
Process rank: 2
Local rank: 2
World size: 4
num_proc        : 2
Process rank: 1
Local rank: 1
World size: 4
num_proc        : 2
Process rank: 0
Local rank: 0
World size: 4
num_proc        : 2
Process rank: 3
Local rank: 3
World size: 4
gilbreth-c002:110751:110751 [0] NCCL INFO NCCL_SOCKET_IFNAME set by environment to ^docker,eth,lo
gilbreth-c002:110751:110751 [0] NCCL INFO Bootstrap : Using ib0:172.18.36.32<0>
gilbreth-c002:110751:110751 [0] NCCL INFO NET/Plugin : dlerror=libnccl-net.so: cannot open shared object file: No such file or directory No plugin found (libnccl-net.so), using internal implementation
gilbreth-c002:110751:110751 [0] NCCL INFO cudaDriverVersion 12030
NCCL version 2.20.5+cuda11.0
gilbreth-c002:110751:110812 [0] NCCL INFO NCCL_SOCKET_IFNAME set by environment to ^docker,eth,lo
gilbreth-c002:110751:110812 [0] NCCL INFO NET/IB : Using [0]mlx5_0:1/IB [RO]; OOB ib0:172.18.36.32<0>
gilbreth-c002:110751:110812 [0] NCCL INFO Using non-device net plugin version 0
gilbreth-c002:110751:110812 [0] NCCL INFO Using network IB
gilbreth-c002:110754:110754 [3] NCCL INFO cudaDriverVersion 12030
gilbreth-c002:110754:110754 [3] NCCL INFO NCCL_SOCKET_IFNAME set by environment to ^docker,eth,lo
gilbreth-c002:110754:110754 [3] NCCL INFO Bootstrap : Using ib0:172.18.36.32<0>
gilbreth-c002:110754:110754 [3] NCCL INFO NET/Plugin : dlerror=libnccl-net.so: cannot open shared object file: No such file or directory No plugin found (libnccl-net.so), using internal implementation
gilbreth-c002:110753:110753 [2] NCCL INFO cudaDriverVersion 12030
gilbreth-c002:110753:110753 [2] NCCL INFO NCCL_SOCKET_IFNAME set by environment to ^docker,eth,lo
gilbreth-c002:110753:110753 [2] NCCL INFO Bootstrap : Using ib0:172.18.36.32<0>
gilbreth-c002:110753:110753 [2] NCCL INFO NET/Plugin : dlerror=libnccl-net.so: cannot open shared object file: No such file or directory No plugin found (libnccl-net.so), using internal implementation
gilbreth-c002:110752:110752 [1] NCCL INFO cudaDriverVersion 12030
gilbreth-c002:110752:110752 [1] NCCL INFO NCCL_SOCKET_IFNAME set by environment to ^docker,eth,lo
gilbreth-c002:110752:110752 [1] NCCL INFO Bootstrap : Using ib0:172.18.36.32<0>
gilbreth-c002:110752:110752 [1] NCCL INFO NET/Plugin : dlerror=libnccl-net.so: cannot open shared object file: No such file or directory No plugin found (libnccl-net.so), using internal implementation
gilbreth-c002:110753:110816 [2] NCCL INFO NCCL_SOCKET_IFNAME set by environment to ^docker,eth,lo
gilbreth-c002:110753:110816 [2] NCCL INFO NET/IB : Using [0]mlx5_0:1/IB [RO]; OOB ib0:172.18.36.32<0>
gilbreth-c002:110753:110816 [2] NCCL INFO Using non-device net plugin version 0
gilbreth-c002:110753:110816 [2] NCCL INFO Using network IB
gilbreth-c002:110754:110818 [3] NCCL INFO NCCL_SOCKET_IFNAME set by environment to ^docker,eth,lo
gilbreth-c002:110754:110818 [3] NCCL INFO NET/IB : Using [0]mlx5_0:1/IB [RO]; OOB ib0:172.18.36.32<0>
gilbreth-c002:110754:110818 [3] NCCL INFO Using non-device net plugin version 0
gilbreth-c002:110754:110818 [3] NCCL INFO Using network IB
gilbreth-c002:110752:110822 [1] NCCL INFO NCCL_SOCKET_IFNAME set by environment to ^docker,eth,lo
gilbreth-c002:110752:110822 [1] NCCL INFO NET/IB : Using [0]mlx5_0:1/IB [RO]; OOB ib0:172.18.36.32<0>
gilbreth-c002:110752:110822 [1] NCCL INFO Using non-device net plugin version 0
gilbreth-c002:110752:110822 [1] NCCL INFO Using network IB
gilbreth-c002:110751:110812 [0] NCCL INFO comm 0x55ba81a797f0 rank 0 nranks 4 cudaDev 0 nvmlDev 0 busId 61000 commId 0x98792db4c4293066 - Init START
gilbreth-c002:110752:110822 [1] NCCL INFO comm 0x560b169bd180 rank 1 nranks 4 cudaDev 1 nvmlDev 1 busId 62000 commId 0x98792db4c4293066 - Init START
gilbreth-c002:110753:110816 [2] NCCL INFO comm 0x5584406d8e90 rank 2 nranks 4 cudaDev 2 nvmlDev 2 busId 89000 commId 0x98792db4c4293066 - Init START
gilbreth-c002:110754:110818 [3] NCCL INFO comm 0x561ed8df4f90 rank 3 nranks 4 cudaDev 3 nvmlDev 3 busId 8a000 commId 0x98792db4c4293066 - Init START
gilbreth-c002:110751:110812 [0] NCCL INFO Setting affinity for GPU 0 to 03ff
gilbreth-c002:110752:110822 [1] NCCL INFO Setting affinity for GPU 1 to 03ff
gilbreth-c002:110754:110818 [3] NCCL INFO Setting affinity for GPU 3 to 0ffc00
gilbreth-c002:110753:110816 [2] NCCL INFO Setting affinity for GPU 2 to 0ffc00
gilbreth-c002:110752:110822 [1] NCCL INFO comm 0x560b169bd180 rank 1 nRanks 4 nNodes 1 localRanks 4 localRank 1 MNNVL 0
gilbreth-c002:110751:110812 [0] NCCL INFO comm 0x55ba81a797f0 rank 0 nRanks 4 nNodes 1 localRanks 4 localRank 0 MNNVL 0
gilbreth-c002:110753:110816 [2] NCCL INFO comm 0x5584406d8e90 rank 2 nRanks 4 nNodes 1 localRanks 4 localRank 2 MNNVL 0
gilbreth-c002:110751:110812 [0] NCCL INFO Channel 00/12 :    0   1   2   3
gilbreth-c002:110754:110818 [3] NCCL INFO comm 0x561ed8df4f90 rank 3 nRanks 4 nNodes 1 localRanks 4 localRank 3 MNNVL 0
gilbreth-c002:110751:110812 [0] NCCL INFO Channel 01/12 :    0   1   3   2
gilbreth-c002:110751:110812 [0] NCCL INFO Channel 02/12 :    0   2   3   1
gilbreth-c002:110751:110812 [0] NCCL INFO Channel 03/12 :    0   2   1   3
gilbreth-c002:110751:110812 [0] NCCL INFO Channel 04/12 :    0   3   1   2
gilbreth-c002:110751:110812 [0] NCCL INFO Channel 05/12 :    0   3   2   1
gilbreth-c002:110751:110812 [0] NCCL INFO Channel 06/12 :    0   1   2   3
gilbreth-c002:110751:110812 [0] NCCL INFO Channel 07/12 :    0   1   3   2
gilbreth-c002:110751:110812 [0] NCCL INFO Channel 08/12 :    0   2   3   1
gilbreth-c002:110751:110812 [0] NCCL INFO Channel 09/12 :    0   2   1   3
gilbreth-c002:110751:110812 [0] NCCL INFO Channel 10/12 :    0   3   1   2
gilbreth-c002:110751:110812 [0] NCCL INFO Channel 11/12 :    0   3   2   1
gilbreth-c002:110752:110822 [1] NCCL INFO Trees [0] 2/-1/-1->1->0 [1] 2/-1/-1->1->0 [2] 3/-1/-1->1->2 [3] 3/-1/-1->1->2 [4] 0/-1/-1->1->-1 [5] 0/-1/-1->1->-1 [6] 2/-1/-1->1->0 [7] 2/-1/-1->1->0 [8] 3/-1/-1->1->2 [9] 3/-1/-1->1->2 [10] 0/-1/-1->1->-1 [11] 0/-1/-1->1->-1
gilbreth-c002:110752:110822 [1] NCCL INFO P2P Chunksize set to 524288
gilbreth-c002:110751:110812 [0] NCCL INFO Trees [0] 1/-1/-1->0->-1 [1] 1/-1/-1->0->-1 [2] 2/-1/-1->0->-1 [3] 2/-1/-1->0->-1 [4] 3/-1/-1->0->1 [5] 3/-1/-1->0->1 [6] 1/-1/-1->0->-1 [7] 1/-1/-1->0->-1 [8] 2/-1/-1->0->-1 [9] 2/-1/-1->0->-1 [10] 3/-1/-1->0->1 [11] 3/-1/-1->0->1
gilbreth-c002:110751:110812 [0] NCCL INFO P2P Chunksize set to 524288
gilbreth-c002:110753:110816 [2] NCCL INFO Trees [0] 3/-1/-1->2->1 [1] 3/-1/-1->2->1 [2] 1/-1/-1->2->0 [3] 1/-1/-1->2->0 [4] -1/-1/-1->2->3 [5] -1/-1/-1->2->3 [6] 3/-1/-1->2->1 [7] 3/-1/-1->2->1 [8] 1/-1/-1->2->0 [9] 1/-1/-1->2->0 [10] -1/-1/-1->2->3 [11] -1/-1/-1->2->3
gilbreth-c002:110753:110816 [2] NCCL INFO P2P Chunksize set to 524288
gilbreth-c002:110754:110818 [3] NCCL INFO Trees [0] -1/-1/-1->3->2 [1] -1/-1/-1->3->2 [2] -1/-1/-1->3->1 [3] -1/-1/-1->3->1 [4] 2/-1/-1->3->0 [5] 2/-1/-1->3->0 [6] -1/-1/-1->3->2 [7] -1/-1/-1->3->2 [8] -1/-1/-1->3->1 [9] -1/-1/-1->3->1 [10] 2/-1/-1->3->0 [11] 2/-1/-1->3->0
gilbreth-c002:110754:110818 [3] NCCL INFO P2P Chunksize set to 524288
gilbreth-c002:110751:110812 [0] NCCL INFO Channel 00/0 : 0[0] -> 1[1] via P2P/IPC
gilbreth-c002:110751:110812 [0] NCCL INFO Channel 01/0 : 0[0] -> 1[1] via P2P/IPC
gilbreth-c002:110751:110812 [0] NCCL INFO Channel 06/0 : 0[0] -> 1[1] via P2P/IPC
gilbreth-c002:110751:110812 [0] NCCL INFO Channel 07/0 : 0[0] -> 1[1] via P2P/IPC
gilbreth-c002:110753:110816 [2] NCCL INFO Channel 00/0 : 2[2] -> 3[3] via P2P/IPC
gilbreth-c002:110752:110822 [1] NCCL INFO Channel 00/0 : 1[1] -> 2[2] via P2P/IPC
gilbreth-c002:110754:110818 [3] NCCL INFO Channel 00/0 : 3[3] -> 0[0] via P2P/IPC
gilbreth-c002:110753:110816 [2] NCCL INFO Channel 02/0 : 2[2] -> 3[3] via P2P/IPC
gilbreth-c002:110752:110822 [1] NCCL INFO Channel 04/0 : 1[1] -> 2[2] via P2P/IPC
gilbreth-c002:110754:110818 [3] NCCL INFO Channel 03/0 : 3[3] -> 0[0] via P2P/IPC
gilbreth-c002:110753:110816 [2] NCCL INFO Channel 06/0 : 2[2] -> 3[3] via P2P/IPC
gilbreth-c002:110752:110822 [1] NCCL INFO Channel 06/0 : 1[1] -> 2[2] via P2P/IPC
gilbreth-c002:110754:110818 [3] NCCL INFO Channel 06/0 : 3[3] -> 0[0] via P2P/IPC
gilbreth-c002:110753:110816 [2] NCCL INFO Channel 08/0 : 2[2] -> 3[3] via P2P/IPC
gilbreth-c002:110752:110822 [1] NCCL INFO Channel 10/0 : 1[1] -> 2[2] via P2P/IPC
gilbreth-c002:110754:110818 [3] NCCL INFO Channel 09/0 : 3[3] -> 0[0] via P2P/IPC
gilbreth-c002:110751:110812 [0] NCCL INFO Channel 02/0 : 0[0] -> 2[2] via P2P/IPC
gilbreth-c002:110751:110812 [0] NCCL INFO Channel 03/0 : 0[0] -> 2[2] via P2P/IPC
gilbreth-c002:110753:110816 [2] NCCL INFO Channel 01/0 : 2[2] -> 0[0] via P2P/IPC
gilbreth-c002:110752:110822 [1] NCCL INFO Channel 01/0 : 1[1] -> 3[3] via P2P/IPC
gilbreth-c002:110754:110818 [3] NCCL INFO Channel 02/0 : 3[3] -> 1[1] via P2P/IPC
gilbreth-c002:110751:110812 [0] NCCL INFO Channel 08/0 : 0[0] -> 2[2] via P2P/IPC
gilbreth-c002:110753:110816 [2] NCCL INFO Channel 04/0 : 2[2] -> 0[0] via P2P/IPC
gilbreth-c002:110754:110818 [3] NCCL INFO Channel 04/0 : 3[3] -> 1[1] via P2P/IPC
gilbreth-c002:110752:110822 [1] NCCL INFO Channel 03/0 : 1[1] -> 3[3] via P2P/IPC
gilbreth-c002:110751:110812 [0] NCCL INFO Channel 09/0 : 0[0] -> 2[2] via P2P/IPC
gilbreth-c002:110753:110816 [2] NCCL INFO Channel 07/0 : 2[2] -> 0[0] via P2P/IPC
gilbreth-c002:110754:110818 [3] NCCL INFO Channel 08/0 : 3[3] -> 1[1] via P2P/IPC
gilbreth-c002:110752:110822 [1] NCCL INFO Channel 07/0 : 1[1] -> 3[3] via P2P/IPC
gilbreth-c002:110753:110816 [2] NCCL INFO Channel 10/0 : 2[2] -> 0[0] via P2P/IPC
gilbreth-c002:110752:110822 [1] NCCL INFO Channel 09/0 : 1[1] -> 3[3] via P2P/IPC
gilbreth-c002:110754:110818 [3] NCCL INFO Channel 10/0 : 3[3] -> 1[1] via P2P/IPC
gilbreth-c002:110751:110812 [0] NCCL INFO Channel 04/0 : 0[0] -> 3[3] via P2P/IPC
gilbreth-c002:110753:110816 [2] NCCL INFO Channel 03/0 : 2[2] -> 1[1] via P2P/IPC
gilbreth-c002:110751:110812 [0] NCCL INFO Channel 05/0 : 0[0] -> 3[3] via P2P/IPC
gilbreth-c002:110753:110816 [2] NCCL INFO Channel 05/0 : 2[2] -> 1[1] via P2P/IPC
gilbreth-c002:110751:110812 [0] NCCL INFO Channel 10/0 : 0[0] -> 3[3] via P2P/IPC
gilbreth-c002:110752:110822 [1] NCCL INFO Channel 02/0 : 1[1] -> 0[0] via P2P/IPC
gilbreth-c002:110753:110816 [2] NCCL INFO Channel 09/0 : 2[2] -> 1[1] via P2P/IPC
gilbreth-c002:110754:110818 [3] NCCL INFO Channel 01/0 : 3[3] -> 2[2] via P2P/IPC
gilbreth-c002:110751:110812 [0] NCCL INFO Channel 11/0 : 0[0] -> 3[3] via P2P/IPC
gilbreth-c002:110752:110822 [1] NCCL INFO Channel 05/0 : 1[1] -> 0[0] via P2P/IPC
gilbreth-c002:110753:110816 [2] NCCL INFO Channel 11/0 : 2[2] -> 1[1] via P2P/IPC
gilbreth-c002:110754:110818 [3] NCCL INFO Channel 05/0 : 3[3] -> 2[2] via P2P/IPC
gilbreth-c002:110752:110822 [1] NCCL INFO Channel 08/0 : 1[1] -> 0[0] via P2P/IPC
gilbreth-c002:110754:110818 [3] NCCL INFO Channel 07/0 : 3[3] -> 2[2] via P2P/IPC
gilbreth-c002:110752:110822 [1] NCCL INFO Channel 11/0 : 1[1] -> 0[0] via P2P/IPC
gilbreth-c002:110754:110818 [3] NCCL INFO Channel 11/0 : 3[3] -> 2[2] via P2P/IPC
gilbreth-c002:110753:110816 [2] NCCL INFO Connected all rings
gilbreth-c002:110751:110812 [0] NCCL INFO Connected all rings
gilbreth-c002:110752:110822 [1] NCCL INFO Connected all rings
gilbreth-c002:110754:110818 [3] NCCL INFO Connected all rings
gilbreth-c002:110751:110812 [0] NCCL INFO Channel 04/0 : 0[0] -> 1[1] via P2P/IPC
gilbreth-c002:110752:110822 [1] NCCL INFO Channel 01/0 : 1[1] -> 2[2] via P2P/IPC
gilbreth-c002:110751:110812 [0] NCCL INFO Channel 05/0 : 0[0] -> 1[1] via P2P/IPC
gilbreth-c002:110751:110812 [0] NCCL INFO Channel 10/0 : 0[0] -> 1[1] via P2P/IPC
gilbreth-c002:110752:110822 [1] NCCL INFO Channel 02/0 : 1[1] -> 2[2] via P2P/IPC
gilbreth-c002:110751:110812 [0] NCCL INFO Channel 11/0 : 0[0] -> 1[1] via P2P/IPC
gilbreth-c002:110752:110822 [1] NCCL INFO Channel 03/0 : 1[1] -> 2[2] via P2P/IPC
gilbreth-c002:110754:110818 [3] NCCL INFO Channel 04/0 : 3[3] -> 0[0] via P2P/IPC
gilbreth-c002:110753:110816 [2] NCCL INFO Channel 01/0 : 2[2] -> 3[3] via P2P/IPC
gilbreth-c002:110752:110822 [1] NCCL INFO Channel 07/0 : 1[1] -> 2[2] via P2P/IPC
gilbreth-c002:110754:110818 [3] NCCL INFO Channel 05/0 : 3[3] -> 0[0] via P2P/IPC
gilbreth-c002:110753:110816 [2] NCCL INFO Channel 04/0 : 2[2] -> 3[3] via P2P/IPC
gilbreth-c002:110752:110822 [1] NCCL INFO Channel 08/0 : 1[1] -> 2[2] via P2P/IPC
gilbreth-c002:110754:110818 [3] NCCL INFO Channel 10/0 : 3[3] -> 0[0] via P2P/IPC
gilbreth-c002:110753:110816 [2] NCCL INFO Channel 05/0 : 2[2] -> 3[3] via P2P/IPC
gilbreth-c002:110754:110818 [3] NCCL INFO Channel 11/0 : 3[3] -> 0[0] via P2P/IPC
gilbreth-c002:110753:110816 [2] NCCL INFO Channel 07/0 : 2[2] -> 3[3] via P2P/IPC
gilbreth-c002:110752:110822 [1] NCCL INFO Channel 09/0 : 1[1] -> 2[2] via P2P/IPC
gilbreth-c002:110753:110816 [2] NCCL INFO Channel 10/0 : 2[2] -> 3[3] via P2P/IPC
gilbreth-c002:110753:110816 [2] NCCL INFO Channel 11/0 : 2[2] -> 3[3] via P2P/IPC
gilbreth-c002:110753:110816 [2] NCCL INFO Channel 02/0 : 2[2] -> 0[0] via P2P/IPC
gilbreth-c002:110753:110816 [2] NCCL INFO Channel 03/0 : 2[2] -> 0[0] via P2P/IPC
gilbreth-c002:110752:110822 [1] NCCL INFO Channel 02/0 : 1[1] -> 3[3] via P2P/IPC
gilbreth-c002:110754:110818 [3] NCCL INFO Channel 03/0 : 3[3] -> 1[1] via P2P/IPC
gilbreth-c002:110753:110816 [2] NCCL INFO Channel 08/0 : 2[2] -> 0[0] via P2P/IPC
gilbreth-c002:110752:110822 [1] NCCL INFO Channel 08/0 : 1[1] -> 3[3] via P2P/IPC
gilbreth-c002:110754:110818 [3] NCCL INFO Channel 09/0 : 3[3] -> 1[1] via P2P/IPC
gilbreth-c002:110753:110816 [2] NCCL INFO Channel 09/0 : 2[2] -> 0[0] via P2P/IPC
gilbreth-c002:110754:110818 [3] NCCL INFO Channel 00/0 : 3[3] -> 2[2] via P2P/IPC
gilbreth-c002:110754:110818 [3] NCCL INFO Channel 04/0 : 3[3] -> 2[2] via P2P/IPC
gilbreth-c002:110754:110818 [3] NCCL INFO Channel 06/0 : 3[3] -> 2[2] via P2P/IPC
gilbreth-c002:110754:110818 [3] NCCL INFO Channel 10/0 : 3[3] -> 2[2] via P2P/IPC
gilbreth-c002:110753:110816 [2] NCCL INFO Channel 00/0 : 2[2] -> 1[1] via P2P/IPC
gilbreth-c002:110753:110816 [2] NCCL INFO Channel 01/0 : 2[2] -> 1[1] via P2P/IPC
gilbreth-c002:110752:110822 [1] NCCL INFO Channel 00/0 : 1[1] -> 0[0] via P2P/IPC
gilbreth-c002:110753:110816 [2] NCCL INFO Channel 02/0 : 2[2] -> 1[1] via P2P/IPC
gilbreth-c002:110752:110822 [1] NCCL INFO Channel 01/0 : 1[1] -> 0[0] via P2P/IPC
gilbreth-c002:110753:110816 [2] NCCL INFO Channel 06/0 : 2[2] -> 1[1] via P2P/IPC
gilbreth-c002:110752:110822 [1] NCCL INFO Channel 04/0 : 1[1] -> 0[0] via P2P/IPC
gilbreth-c002:110753:110816 [2] NCCL INFO Channel 07/0 : 2[2] -> 1[1] via P2P/IPC
gilbreth-c002:110752:110822 [1] NCCL INFO Channel 06/0 : 1[1] -> 0[0] via P2P/IPC
gilbreth-c002:110753:110816 [2] NCCL INFO Channel 08/0 : 2[2] -> 1[1] via P2P/IPC
gilbreth-c002:110752:110822 [1] NCCL INFO Channel 07/0 : 1[1] -> 0[0] via P2P/IPC
gilbreth-c002:110752:110822 [1] NCCL INFO Channel 10/0 : 1[1] -> 0[0] via P2P/IPC
gilbreth-c002:110751:110812 [0] NCCL INFO Connected all trees
gilbreth-c002:110754:110818 [3] NCCL INFO Connected all trees
gilbreth-c002:110754:110818 [3] NCCL INFO threadThresholds 8/8/64 | 32/8/64 | 512 | 512
gilbreth-c002:110754:110818 [3] NCCL INFO 12 coll channels, 0 collnet channels, 0 nvls channels, 16 p2p channels, 4 p2p channels per peer
gilbreth-c002:110751:110812 [0] NCCL INFO threadThresholds 8/8/64 | 32/8/64 | 512 | 512
gilbreth-c002:110751:110812 [0] NCCL INFO 12 coll channels, 0 collnet channels, 0 nvls channels, 16 p2p channels, 4 p2p channels per peer
gilbreth-c002:110753:110816 [2] NCCL INFO Connected all trees
gilbreth-c002:110753:110816 [2] NCCL INFO threadThresholds 8/8/64 | 32/8/64 | 512 | 512
gilbreth-c002:110753:110816 [2] NCCL INFO 12 coll channels, 0 collnet channels, 0 nvls channels, 16 p2p channels, 4 p2p channels per peer
gilbreth-c002:110752:110822 [1] NCCL INFO Connected all trees
gilbreth-c002:110752:110822 [1] NCCL INFO threadThresholds 8/8/64 | 32/8/64 | 512 | 512
gilbreth-c002:110752:110822 [1] NCCL INFO 12 coll channels, 0 collnet channels, 0 nvls channels, 16 p2p channels, 4 p2p channels per peer
gilbreth-c002:110753:110816 [2] NCCL INFO comm 0x5584406d8e90 rank 2 nranks 4 cudaDev 2 nvmlDev 2 busId 89000 commId 0x98792db4c4293066 - Init COMPLETE
gilbreth-c002:110751:110812 [0] NCCL INFO comm 0x55ba81a797f0 rank 0 nranks 4 cudaDev 0 nvmlDev 0 busId 61000 commId 0x98792db4c4293066 - Init COMPLETE
gilbreth-c002:110752:110822 [1] NCCL INFO comm 0x560b169bd180 rank 1 nranks 4 cudaDev 1 nvmlDev 1 busId 62000 commId 0x98792db4c4293066 - Init COMPLETE
gilbreth-c002:110754:110818 [3] NCCL INFO comm 0x561ed8df4f90 rank 3 nranks 4 cudaDev 3 nvmlDev 3 busId 8a000 commId 0x98792db4c4293066 - Init COMPLETE
The token has not been saved to the git credentials helper. Pass `add_to_git_credential=True` in this function directly or `--add-to-git-credential` if using via `huggingface-cli` if you want to set the git credential as well.
The token has not been saved to the git credentials helper. Pass `add_to_git_credential=True` in this function directly or `--add-to-git-credential` if using via `huggingface-cli` if you want to set the git credential as well.
The token has not been saved to the git credentials helper. Pass `add_to_git_credential=True` in this function directly or `--add-to-git-credential` if using via `huggingface-cli` if you want to set the git credential as well.
The token has not been saved to the git credentials helper. Pass `add_to_git_credential=True` in this function directly or `--add-to-git-credential` if using via `huggingface-cli` if you want to set the git credential as well.
Token is valid (permission: fineGrained).
Token is valid (permission: fineGrained).
Your token has been saved to /home/ahmedb/.cache/huggingface/token
Login successful
Login to hub successful...!
Token is valid (permission: fineGrained).
Your token has been saved to /home/ahmedb/.cache/huggingface/token
Login successful
Login to hub successful...!
Your token has been saved to /home/ahmedb/.cache/huggingface/token
Login successful
Login to hub successful...!
Token is valid (permission: fineGrained).
Your token has been saved to /home/ahmedb/.cache/huggingface/token
Login successful
Login to hub successful...!
/home/ahmedb/.conda/envs/cent7/2020.11-py38/wav2letter/lib/python3.8/site-packages/transformers/training_args.py:1494: FutureWarning: `evaluation_strategy` is deprecated and will be removed in version 4.46 of 🤗 Transformers. Use `eval_strategy` instead
  warnings.warn(
/home/ahmedb/.conda/envs/cent7/2020.11-py38/wav2letter/lib/python3.8/site-packages/transformers/training_args.py:1494: FutureWarning: `evaluation_strategy` is deprecated and will be removed in version 4.46 of 🤗 Transformers. Use `eval_strategy` instead
  warnings.warn(
/home/ahmedb/.conda/envs/cent7/2020.11-py38/wav2letter/lib/python3.8/site-packages/transformers/training_args.py:1494: FutureWarning: `evaluation_strategy` is deprecated and will be removed in version 4.46 of 🤗 Transformers. Use `eval_strategy` instead
  warnings.warn(
/home/ahmedb/.conda/envs/cent7/2020.11-py38/wav2letter/lib/python3.8/site-packages/transformers/training_args.py:1494: FutureWarning: `evaluation_strategy` is deprecated and will be removed in version 4.46 of 🤗 Transformers. Use `eval_strategy` instead
  warnings.warn(
Detected kernel version 3.10.0, which is below the recommended minimum of 5.5.0; this can cause the process to hang. It is recommended to upgrade the kernel to the minimum version or higher.
Starting training...!
Starting training...!
Starting training...!
Starting training...!
[rank1]: Traceback (most recent call last):
[rank1]:   File "../scripts/pretrain_wav2vec2.py", line 145, in <module>
[rank1]:     train_wav2vec2(args)
[rank1]:   File "../scripts/pretrain_wav2vec2.py", line 108, in train_wav2vec2
[rank1]:     trainer.train()
[rank1]:   File "/home/ahmedb/.conda/envs/cent7/2020.11-py38/wav2letter/lib/python3.8/site-packages/transformers/trainer.py", line 1923, in train
[rank1]:     return inner_training_loop(
[rank1]:   File "/home/ahmedb/.conda/envs/cent7/2020.11-py38/wav2letter/lib/python3.8/site-packages/transformers/trainer.py", line 1961, in _inner_training_loop
[rank1]:     train_dataloader = self.get_train_dataloader()
[rank1]:   File "/home/ahmedb/.conda/envs/cent7/2020.11-py38/wav2letter/lib/python3.8/site-packages/transformers/trainer.py", line 886, in get_train_dataloader
[rank1]:     train_dataset = self._remove_unused_columns(train_dataset, description="training")
[rank1]:   File "/home/ahmedb/.conda/envs/cent7/2020.11-py38/wav2letter/lib/python3.8/site-packages/transformers/trainer.py", line 814, in _remove_unused_columns
[rank1]:     raise ValueError(
[rank1]: ValueError: No columns in the dataset match the model's forward method signature. The following columns have been ignored: [input_values, input_length]. Please check the dataset and model. You may need to set `remove_unused_columns=False` in `TrainingArguments`.
[rank3]: Traceback (most recent call last):
[rank3]:   File "../scripts/pretrain_wav2vec2.py", line 145, in <module>
[rank3]:     train_wav2vec2(args)
[rank3]:   File "../scripts/pretrain_wav2vec2.py", line 108, in train_wav2vec2
[rank3]:     trainer.train()
[rank3]:   File "/home/ahmedb/.conda/envs/cent7/2020.11-py38/wav2letter/lib/python3.8/site-packages/transformers/trainer.py", line 1923, in train
[rank3]:     return inner_training_loop(
[rank3]:   File "/home/ahmedb/.conda/envs/cent7/2020.11-py38/wav2letter/lib/python3.8/site-packages/transformers/trainer.py", line 1961, in _inner_training_loop
[rank3]:     train_dataloader = self.get_train_dataloader()
[rank3]:   File "/home/ahmedb/.conda/envs/cent7/2020.11-py38/wav2letter/lib/python3.8/site-packages/transformers/trainer.py", line 886, in get_train_dataloader
[rank3]:     train_dataset = self._remove_unused_columns(train_dataset, description="training")
[rank3]:   File "/home/ahmedb/.conda/envs/cent7/2020.11-py38/wav2letter/lib/python3.8/site-packages/transformers/trainer.py", line 814, in _remove_unused_columns
[rank3]:     raise ValueError(
[rank3]: ValueError: No columns in the dataset match the model's forward method signature. The following columns have been ignored: [input_length, input_values]. Please check the dataset and model. You may need to set `remove_unused_columns=False` in `TrainingArguments`.
[rank2]: Traceback (most recent call last):
[rank2]:   File "../scripts/pretrain_wav2vec2.py", line 145, in <module>
[rank2]:     train_wav2vec2(args)
[rank2]:   File "../scripts/pretrain_wav2vec2.py", line 108, in train_wav2vec2
[rank2]:     trainer.train()
[rank2]:   File "/home/ahmedb/.conda/envs/cent7/2020.11-py38/wav2letter/lib/python3.8/site-packages/transformers/trainer.py", line 1923, in train
[rank2]:     return inner_training_loop(
[rank2]:   File "/home/ahmedb/.conda/envs/cent7/2020.11-py38/wav2letter/lib/python3.8/site-packages/transformers/trainer.py", line 1961, in _inner_training_loop
[rank2]:     train_dataloader = self.get_train_dataloader()
[rank2]:   File "/home/ahmedb/.conda/envs/cent7/2020.11-py38/wav2letter/lib/python3.8/site-packages/transformers/trainer.py", line 886, in get_train_dataloader
[rank2]:     train_dataset = self._remove_unused_columns(train_dataset, description="training")
[rank2]:   File "/home/ahmedb/.conda/envs/cent7/2020.11-py38/wav2letter/lib/python3.8/site-packages/transformers/trainer.py", line 814, in _remove_unused_columns
[rank2]:     raise ValueError(
[rank2]: ValueError: No columns in the dataset match the model's forward method signature. The following columns have been ignored: [input_length, input_values]. Please check the dataset and model. You may need to set `remove_unused_columns=False` in `TrainingArguments`.
[rank0]: Traceback (most recent call last):
[rank0]:   File "../scripts/pretrain_wav2vec2.py", line 145, in <module>
[rank0]:     train_wav2vec2(args)
[rank0]:   File "../scripts/pretrain_wav2vec2.py", line 108, in train_wav2vec2
[rank0]:     trainer.train()
[rank0]:   File "/home/ahmedb/.conda/envs/cent7/2020.11-py38/wav2letter/lib/python3.8/site-packages/transformers/trainer.py", line 1923, in train
[rank0]:     return inner_training_loop(
[rank0]:   File "/home/ahmedb/.conda/envs/cent7/2020.11-py38/wav2letter/lib/python3.8/site-packages/transformers/trainer.py", line 1961, in _inner_training_loop
[rank0]:     train_dataloader = self.get_train_dataloader()
[rank0]:   File "/home/ahmedb/.conda/envs/cent7/2020.11-py38/wav2letter/lib/python3.8/site-packages/transformers/trainer.py", line 886, in get_train_dataloader
[rank0]:     train_dataset = self._remove_unused_columns(train_dataset, description="training")
[rank0]:   File "/home/ahmedb/.conda/envs/cent7/2020.11-py38/wav2letter/lib/python3.8/site-packages/transformers/trainer.py", line 814, in _remove_unused_columns
[rank0]:     raise ValueError(
[rank0]: ValueError: No columns in the dataset match the model's forward method signature. The following columns have been ignored: [input_length, input_values]. Please check the dataset and model. You may need to set `remove_unused_columns=False` in `TrainingArguments`.
gilbreth-c002:110754:110834 [3] NCCL INFO [Service thread] Connection closed by localRank 3
gilbreth-c002:110753:110831 [2] NCCL INFO [Service thread] Connection closed by localRank 2
gilbreth-c002:110752:110830 [1] NCCL INFO [Service thread] Connection closed by localRank 1
gilbreth-c002:110751:110828 [0] NCCL INFO [Service thread] Connection closed by localRank 0
gilbreth-c002:110754:111237 [0] NCCL INFO comm 0x561ed8df4f90 rank 3 nranks 4 cudaDev 3 busId 8a000 - Abort COMPLETE
gilbreth-c002:110753:111240 [0] NCCL INFO comm 0x5584406d8e90 rank 2 nranks 4 cudaDev 2 busId 89000 - Abort COMPLETE
gilbreth-c002:110752:111241 [0] NCCL INFO comm 0x560b169bd180 rank 1 nranks 4 cudaDev 1 busId 62000 - Abort COMPLETE
gilbreth-c002:110751:111242 [0] NCCL INFO comm 0x55ba81a797f0 rank 0 nranks 4 cudaDev 0 busId 61000 - Abort COMPLETE
E0721 14:03:25.897748 47739230559936 torch/distributed/elastic/multiprocessing/api.py:826] failed (exitcode: 1) local_rank: 0 (pid: 110751) of binary: /home/ahmedb/.conda/envs/cent7/2020.11-py38/wav2letter/bin/python
Traceback (most recent call last):
  File "/home/ahmedb/.conda/envs/cent7/2020.11-py38/wav2letter/bin/torchrun", line 8, in <module>
    sys.exit(main())
  File "/home/ahmedb/.conda/envs/cent7/2020.11-py38/wav2letter/lib/python3.8/site-packages/torch/distributed/elastic/multiprocessing/errors/__init__.py", line 347, in wrapper
    return f(*args, **kwargs)
  File "/home/ahmedb/.conda/envs/cent7/2020.11-py38/wav2letter/lib/python3.8/site-packages/torch/distributed/run.py", line 879, in main
    run(args)
  File "/home/ahmedb/.conda/envs/cent7/2020.11-py38/wav2letter/lib/python3.8/site-packages/torch/distributed/run.py", line 870, in run
    elastic_launch(
  File "/home/ahmedb/.conda/envs/cent7/2020.11-py38/wav2letter/lib/python3.8/site-packages/torch/distributed/launcher/api.py", line 132, in __call__
    return launch_agent(self._config, self._entrypoint, list(args))
  File "/home/ahmedb/.conda/envs/cent7/2020.11-py38/wav2letter/lib/python3.8/site-packages/torch/distributed/launcher/api.py", line 263, in launch_agent
    raise ChildFailedError(
torch.distributed.elastic.multiprocessing.errors.ChildFailedError: 
============================================================
../scripts/pretrain_wav2vec2.py FAILED
------------------------------------------------------------
Failures:
[1]:
  time      : 2024-07-21_14:03:25
  host      : gilbreth-c002.rcac.purdue.edu
  rank      : 1 (local_rank: 1)
  exitcode  : 1 (pid: 110752)
  error_file: <N/A>
  traceback : To enable traceback see: https://pytorch.org/docs/stable/elastic/errors.html
[2]:
  time      : 2024-07-21_14:03:25
  host      : gilbreth-c002.rcac.purdue.edu
  rank      : 2 (local_rank: 2)
  exitcode  : 1 (pid: 110753)
  error_file: <N/A>
  traceback : To enable traceback see: https://pytorch.org/docs/stable/elastic/errors.html
[3]:
  time      : 2024-07-21_14:03:25
  host      : gilbreth-c002.rcac.purdue.edu
  rank      : 3 (local_rank: 3)
  exitcode  : 1 (pid: 110754)
  error_file: <N/A>
  traceback : To enable traceback see: https://pytorch.org/docs/stable/elastic/errors.html
------------------------------------------------------------
Root Cause (first observed failure):
[0]:
  time      : 2024-07-21_14:03:25
  host      : gilbreth-c002.rcac.purdue.edu
  rank      : 0 (local_rank: 0)
  exitcode  : 1 (pid: 110751)
  error_file: <N/A>
  traceback : To enable traceback see: https://pytorch.org/docs/stable/elastic/errors.html
============================================================
