gilbreth-c002.rcac.purdue.edu
Total tasks: 4
Total tasks per node: 4
CPUs per task: 2
CUDA visible devices: 0,1,2,3
Number of nodes: 1
The following modules were not unloaded:
  (Use "module --force purge" to unload all):

  1) xalt/1.1.2
num_proc        : 2
Process rank: 0
Local rank: 0
World size: 4
num_proc        : 2
Process rank: 3
Local rank: 3
World size: 4
num_proc        : 2
Process rank: 2
Local rank: 2
World size: 4
num_proc        : 2
Process rank: 1
Local rank: 1
World size: 4
gilbreth-c002:108570:108570 [0] NCCL INFO NCCL_SOCKET_IFNAME set by environment to ^docker,eth,lo
gilbreth-c002:108570:108570 [0] NCCL INFO Bootstrap : Using ib0:172.18.36.32<0>
gilbreth-c002:108570:108570 [0] NCCL INFO NET/Plugin : dlerror=libnccl-net.so: cannot open shared object file: No such file or directory No plugin found (libnccl-net.so), using internal implementation
gilbreth-c002:108570:108570 [0] NCCL INFO cudaDriverVersion 12030
NCCL version 2.20.5+cuda11.0
gilbreth-c002:108570:108632 [0] NCCL INFO NCCL_SOCKET_IFNAME set by environment to ^docker,eth,lo
gilbreth-c002:108570:108632 [0] NCCL INFO NET/IB : Using [0]mlx5_0:1/IB [RO]; OOB ib0:172.18.36.32<0>
gilbreth-c002:108570:108632 [0] NCCL INFO Using non-device net plugin version 0
gilbreth-c002:108570:108632 [0] NCCL INFO Using network IB
gilbreth-c002:108572:108572 [2] NCCL INFO cudaDriverVersion 12030
gilbreth-c002:108572:108572 [2] NCCL INFO NCCL_SOCKET_IFNAME set by environment to ^docker,eth,lo
gilbreth-c002:108572:108572 [2] NCCL INFO Bootstrap : Using ib0:172.18.36.32<0>
gilbreth-c002:108572:108572 [2] NCCL INFO NET/Plugin : dlerror=libnccl-net.so: cannot open shared object file: No such file or directory No plugin found (libnccl-net.so), using internal implementation
gilbreth-c002:108571:108571 [1] NCCL INFO cudaDriverVersion 12030
gilbreth-c002:108571:108571 [1] NCCL INFO NCCL_SOCKET_IFNAME set by environment to ^docker,eth,lo
gilbreth-c002:108571:108571 [1] NCCL INFO Bootstrap : Using ib0:172.18.36.32<0>
gilbreth-c002:108571:108571 [1] NCCL INFO NET/Plugin : dlerror=libnccl-net.so: cannot open shared object file: No such file or directory No plugin found (libnccl-net.so), using internal implementation
gilbreth-c002:108573:108573 [3] NCCL INFO cudaDriverVersion 12030
gilbreth-c002:108573:108573 [3] NCCL INFO NCCL_SOCKET_IFNAME set by environment to ^docker,eth,lo
gilbreth-c002:108573:108573 [3] NCCL INFO Bootstrap : Using ib0:172.18.36.32<0>
gilbreth-c002:108573:108573 [3] NCCL INFO NET/Plugin : dlerror=libnccl-net.so: cannot open shared object file: No such file or directory No plugin found (libnccl-net.so), using internal implementation
gilbreth-c002:108572:108636 [2] NCCL INFO NCCL_SOCKET_IFNAME set by environment to ^docker,eth,lo
gilbreth-c002:108572:108636 [2] NCCL INFO NET/IB : Using [0]mlx5_0:1/IB [RO]; OOB ib0:172.18.36.32<0>
gilbreth-c002:108572:108636 [2] NCCL INFO Using non-device net plugin version 0
gilbreth-c002:108572:108636 [2] NCCL INFO Using network IB
gilbreth-c002:108573:108638 [3] NCCL INFO NCCL_SOCKET_IFNAME set by environment to ^docker,eth,lo
gilbreth-c002:108573:108638 [3] NCCL INFO NET/IB : Using [0]mlx5_0:1/IB [RO]; OOB ib0:172.18.36.32<0>
gilbreth-c002:108573:108638 [3] NCCL INFO Using non-device net plugin version 0
gilbreth-c002:108573:108638 [3] NCCL INFO Using network IB
gilbreth-c002:108571:108641 [1] NCCL INFO NCCL_SOCKET_IFNAME set by environment to ^docker,eth,lo
gilbreth-c002:108571:108641 [1] NCCL INFO NET/IB : Using [0]mlx5_0:1/IB [RO]; OOB ib0:172.18.36.32<0>
gilbreth-c002:108571:108641 [1] NCCL INFO Using non-device net plugin version 0
gilbreth-c002:108571:108641 [1] NCCL INFO Using network IB
gilbreth-c002:108570:108632 [0] NCCL INFO comm 0x556360fca900 rank 0 nranks 4 cudaDev 0 nvmlDev 0 busId 61000 commId 0x9f2ce68020c8bf80 - Init START
gilbreth-c002:108573:108638 [3] NCCL INFO comm 0x556c4dc96500 rank 3 nranks 4 cudaDev 3 nvmlDev 3 busId 8a000 commId 0x9f2ce68020c8bf80 - Init START
gilbreth-c002:108572:108636 [2] NCCL INFO comm 0x55bbf0bdeee0 rank 2 nranks 4 cudaDev 2 nvmlDev 2 busId 89000 commId 0x9f2ce68020c8bf80 - Init START
gilbreth-c002:108571:108641 [1] NCCL INFO comm 0x55baf7eed170 rank 1 nranks 4 cudaDev 1 nvmlDev 1 busId 62000 commId 0x9f2ce68020c8bf80 - Init START
gilbreth-c002:108570:108632 [0] NCCL INFO Setting affinity for GPU 0 to 03ff
gilbreth-c002:108573:108638 [3] NCCL INFO Setting affinity for GPU 3 to 0ffc00
gilbreth-c002:108572:108636 [2] NCCL INFO Setting affinity for GPU 2 to 0ffc00
gilbreth-c002:108571:108641 [1] NCCL INFO Setting affinity for GPU 1 to 03ff
gilbreth-c002:108571:108641 [1] NCCL INFO comm 0x55baf7eed170 rank 1 nRanks 4 nNodes 1 localRanks 4 localRank 1 MNNVL 0
gilbreth-c002:108570:108632 [0] NCCL INFO comm 0x556360fca900 rank 0 nRanks 4 nNodes 1 localRanks 4 localRank 0 MNNVL 0
gilbreth-c002:108570:108632 [0] NCCL INFO Channel 00/12 :    0   1   2   3
gilbreth-c002:108570:108632 [0] NCCL INFO Channel 01/12 :    0   1   3   2
gilbreth-c002:108570:108632 [0] NCCL INFO Channel 02/12 :    0   2   3   1
gilbreth-c002:108572:108636 [2] NCCL INFO comm 0x55bbf0bdeee0 rank 2 nRanks 4 nNodes 1 localRanks 4 localRank 2 MNNVL 0
gilbreth-c002:108570:108632 [0] NCCL INFO Channel 03/12 :    0   2   1   3
gilbreth-c002:108573:108638 [3] NCCL INFO comm 0x556c4dc96500 rank 3 nRanks 4 nNodes 1 localRanks 4 localRank 3 MNNVL 0
gilbreth-c002:108571:108641 [1] NCCL INFO Trees [0] 2/-1/-1->1->0 [1] 2/-1/-1->1->0 [2] 3/-1/-1->1->2 [3] 3/-1/-1->1->2 [4] 0/-1/-1->1->-1 [5] 0/-1/-1->1->-1 [6] 2/-1/-1->1->0 [7] 2/-1/-1->1->0 [8] 3/-1/-1->1->2 [9] 3/-1/-1->1->2 [10] 0/-1/-1->1->-1 [11] 0/-1/-1->1->-1
gilbreth-c002:108570:108632 [0] NCCL INFO Channel 04/12 :    0   3   1   2
gilbreth-c002:108570:108632 [0] NCCL INFO Channel 05/12 :    0   3   2   1
gilbreth-c002:108571:108641 [1] NCCL INFO P2P Chunksize set to 524288
gilbreth-c002:108570:108632 [0] NCCL INFO Channel 06/12 :    0   1   2   3
gilbreth-c002:108570:108632 [0] NCCL INFO Channel 07/12 :    0   1   3   2
gilbreth-c002:108570:108632 [0] NCCL INFO Channel 08/12 :    0   2   3   1
gilbreth-c002:108570:108632 [0] NCCL INFO Channel 09/12 :    0   2   1   3
gilbreth-c002:108570:108632 [0] NCCL INFO Channel 10/12 :    0   3   1   2
gilbreth-c002:108570:108632 [0] NCCL INFO Channel 11/12 :    0   3   2   1
gilbreth-c002:108570:108632 [0] NCCL INFO Trees [0] 1/-1/-1->0->-1 [1] 1/-1/-1->0->-1 [2] 2/-1/-1->0->-1 [3] 2/-1/-1->0->-1 [4] 3/-1/-1->0->1 [5] 3/-1/-1->0->1 [6] 1/-1/-1->0->-1 [7] 1/-1/-1->0->-1 [8] 2/-1/-1->0->-1 [9] 2/-1/-1->0->-1 [10] 3/-1/-1->0->1 [11] 3/-1/-1->0->1
gilbreth-c002:108570:108632 [0] NCCL INFO P2P Chunksize set to 524288
gilbreth-c002:108573:108638 [3] NCCL INFO Trees [0] -1/-1/-1->3->2 [1] -1/-1/-1->3->2 [2] -1/-1/-1->3->1 [3] -1/-1/-1->3->1 [4] 2/-1/-1->3->0 [5] 2/-1/-1->3->0 [6] -1/-1/-1->3->2 [7] -1/-1/-1->3->2 [8] -1/-1/-1->3->1 [9] -1/-1/-1->3->1 [10] 2/-1/-1->3->0 [11] 2/-1/-1->3->0
gilbreth-c002:108572:108636 [2] NCCL INFO Trees [0] 3/-1/-1->2->1 [1] 3/-1/-1->2->1 [2] 1/-1/-1->2->0 [3] 1/-1/-1->2->0 [4] -1/-1/-1->2->3 [5] -1/-1/-1->2->3 [6] 3/-1/-1->2->1 [7] 3/-1/-1->2->1 [8] 1/-1/-1->2->0 [9] 1/-1/-1->2->0 [10] -1/-1/-1->2->3 [11] -1/-1/-1->2->3
gilbreth-c002:108573:108638 [3] NCCL INFO P2P Chunksize set to 524288
gilbreth-c002:108572:108636 [2] NCCL INFO P2P Chunksize set to 524288
gilbreth-c002:108570:108632 [0] NCCL INFO Channel 00/0 : 0[0] -> 1[1] via P2P/IPC
gilbreth-c002:108571:108641 [1] NCCL INFO Channel 00/0 : 1[1] -> 2[2] via P2P/IPC
gilbreth-c002:108570:108632 [0] NCCL INFO Channel 01/0 : 0[0] -> 1[1] via P2P/IPC
gilbreth-c002:108573:108638 [3] NCCL INFO Channel 00/0 : 3[3] -> 0[0] via P2P/IPC
gilbreth-c002:108571:108641 [1] NCCL INFO Channel 04/0 : 1[1] -> 2[2] via P2P/IPC
gilbreth-c002:108572:108636 [2] NCCL INFO Channel 00/0 : 2[2] -> 3[3] via P2P/IPC
gilbreth-c002:108570:108632 [0] NCCL INFO Channel 06/0 : 0[0] -> 1[1] via P2P/IPC
gilbreth-c002:108573:108638 [3] NCCL INFO Channel 03/0 : 3[3] -> 0[0] via P2P/IPC
gilbreth-c002:108571:108641 [1] NCCL INFO Channel 06/0 : 1[1] -> 2[2] via P2P/IPC
gilbreth-c002:108572:108636 [2] NCCL INFO Channel 02/0 : 2[2] -> 3[3] via P2P/IPC
gilbreth-c002:108570:108632 [0] NCCL INFO Channel 07/0 : 0[0] -> 1[1] via P2P/IPC
gilbreth-c002:108571:108641 [1] NCCL INFO Channel 10/0 : 1[1] -> 2[2] via P2P/IPC
gilbreth-c002:108573:108638 [3] NCCL INFO Channel 06/0 : 3[3] -> 0[0] via P2P/IPC
gilbreth-c002:108572:108636 [2] NCCL INFO Channel 06/0 : 2[2] -> 3[3] via P2P/IPC
gilbreth-c002:108573:108638 [3] NCCL INFO Channel 09/0 : 3[3] -> 0[0] via P2P/IPC
gilbreth-c002:108572:108636 [2] NCCL INFO Channel 08/0 : 2[2] -> 3[3] via P2P/IPC
gilbreth-c002:108571:108641 [1] NCCL INFO Channel 01/0 : 1[1] -> 3[3] via P2P/IPC
gilbreth-c002:108570:108632 [0] NCCL INFO Channel 02/0 : 0[0] -> 2[2] via P2P/IPC
gilbreth-c002:108573:108638 [3] NCCL INFO Channel 02/0 : 3[3] -> 1[1] via P2P/IPC
gilbreth-c002:108572:108636 [2] NCCL INFO Channel 01/0 : 2[2] -> 0[0] via P2P/IPC
gilbreth-c002:108571:108641 [1] NCCL INFO Channel 03/0 : 1[1] -> 3[3] via P2P/IPC
gilbreth-c002:108570:108632 [0] NCCL INFO Channel 03/0 : 0[0] -> 2[2] via P2P/IPC
gilbreth-c002:108573:108638 [3] NCCL INFO Channel 04/0 : 3[3] -> 1[1] via P2P/IPC
gilbreth-c002:108572:108636 [2] NCCL INFO Channel 04/0 : 2[2] -> 0[0] via P2P/IPC
gilbreth-c002:108571:108641 [1] NCCL INFO Channel 07/0 : 1[1] -> 3[3] via P2P/IPC
gilbreth-c002:108570:108632 [0] NCCL INFO Channel 08/0 : 0[0] -> 2[2] via P2P/IPC
gilbreth-c002:108573:108638 [3] NCCL INFO Channel 08/0 : 3[3] -> 1[1] via P2P/IPC
gilbreth-c002:108572:108636 [2] NCCL INFO Channel 07/0 : 2[2] -> 0[0] via P2P/IPC
gilbreth-c002:108571:108641 [1] NCCL INFO Channel 09/0 : 1[1] -> 3[3] via P2P/IPC
gilbreth-c002:108570:108632 [0] NCCL INFO Channel 09/0 : 0[0] -> 2[2] via P2P/IPC
gilbreth-c002:108573:108638 [3] NCCL INFO Channel 10/0 : 3[3] -> 1[1] via P2P/IPC
gilbreth-c002:108572:108636 [2] NCCL INFO Channel 10/0 : 2[2] -> 0[0] via P2P/IPC
gilbreth-c002:108571:108641 [1] NCCL INFO Channel 02/0 : 1[1] -> 0[0] via P2P/IPC
gilbreth-c002:108573:108638 [3] NCCL INFO Channel 01/0 : 3[3] -> 2[2] via P2P/IPC
gilbreth-c002:108570:108632 [0] NCCL INFO Channel 04/0 : 0[0] -> 3[3] via P2P/IPC
gilbreth-c002:108572:108636 [2] NCCL INFO Channel 03/0 : 2[2] -> 1[1] via P2P/IPC
gilbreth-c002:108571:108641 [1] NCCL INFO Channel 05/0 : 1[1] -> 0[0] via P2P/IPC
gilbreth-c002:108573:108638 [3] NCCL INFO Channel 05/0 : 3[3] -> 2[2] via P2P/IPC
gilbreth-c002:108570:108632 [0] NCCL INFO Channel 05/0 : 0[0] -> 3[3] via P2P/IPC
gilbreth-c002:108572:108636 [2] NCCL INFO Channel 05/0 : 2[2] -> 1[1] via P2P/IPC
gilbreth-c002:108571:108641 [1] NCCL INFO Channel 08/0 : 1[1] -> 0[0] via P2P/IPC
gilbreth-c002:108570:108632 [0] NCCL INFO Channel 10/0 : 0[0] -> 3[3] via P2P/IPC
gilbreth-c002:108573:108638 [3] NCCL INFO Channel 07/0 : 3[3] -> 2[2] via P2P/IPC
gilbreth-c002:108572:108636 [2] NCCL INFO Channel 09/0 : 2[2] -> 1[1] via P2P/IPC
gilbreth-c002:108571:108641 [1] NCCL INFO Channel 11/0 : 1[1] -> 0[0] via P2P/IPC
gilbreth-c002:108570:108632 [0] NCCL INFO Channel 11/0 : 0[0] -> 3[3] via P2P/IPC
gilbreth-c002:108573:108638 [3] NCCL INFO Channel 11/0 : 3[3] -> 2[2] via P2P/IPC
gilbreth-c002:108572:108636 [2] NCCL INFO Channel 11/0 : 2[2] -> 1[1] via P2P/IPC
gilbreth-c002:108570:108632 [0] NCCL INFO Connected all rings
gilbreth-c002:108571:108641 [1] NCCL INFO Connected all rings
gilbreth-c002:108573:108638 [3] NCCL INFO Connected all rings
gilbreth-c002:108572:108636 [2] NCCL INFO Connected all rings
gilbreth-c002:108570:108632 [0] NCCL INFO Channel 04/0 : 0[0] -> 1[1] via P2P/IPC
gilbreth-c002:108571:108641 [1] NCCL INFO Channel 01/0 : 1[1] -> 2[2] via P2P/IPC
gilbreth-c002:108571:108641 [1] NCCL INFO Channel 02/0 : 1[1] -> 2[2] via P2P/IPC
gilbreth-c002:108570:108632 [0] NCCL INFO Channel 05/0 : 0[0] -> 1[1] via P2P/IPC
gilbreth-c002:108571:108641 [1] NCCL INFO Channel 03/0 : 1[1] -> 2[2] via P2P/IPC
gilbreth-c002:108570:108632 [0] NCCL INFO Channel 10/0 : 0[0] -> 1[1] via P2P/IPC
gilbreth-c002:108573:108638 [3] NCCL INFO Channel 04/0 : 3[3] -> 0[0] via P2P/IPC
gilbreth-c002:108572:108636 [2] NCCL INFO Channel 01/0 : 2[2] -> 3[3] via P2P/IPC
gilbreth-c002:108571:108641 [1] NCCL INFO Channel 07/0 : 1[1] -> 2[2] via P2P/IPC
gilbreth-c002:108570:108632 [0] NCCL INFO Channel 11/0 : 0[0] -> 1[1] via P2P/IPC
gilbreth-c002:108573:108638 [3] NCCL INFO Channel 05/0 : 3[3] -> 0[0] via P2P/IPC
gilbreth-c002:108572:108636 [2] NCCL INFO Channel 04/0 : 2[2] -> 3[3] via P2P/IPC
gilbreth-c002:108571:108641 [1] NCCL INFO Channel 08/0 : 1[1] -> 2[2] via P2P/IPC
gilbreth-c002:108573:108638 [3] NCCL INFO Channel 10/0 : 3[3] -> 0[0] via P2P/IPC
gilbreth-c002:108572:108636 [2] NCCL INFO Channel 05/0 : 2[2] -> 3[3] via P2P/IPC
gilbreth-c002:108571:108641 [1] NCCL INFO Channel 09/0 : 1[1] -> 2[2] via P2P/IPC
gilbreth-c002:108573:108638 [3] NCCL INFO Channel 11/0 : 3[3] -> 0[0] via P2P/IPC
gilbreth-c002:108572:108636 [2] NCCL INFO Channel 07/0 : 2[2] -> 3[3] via P2P/IPC
gilbreth-c002:108572:108636 [2] NCCL INFO Channel 10/0 : 2[2] -> 3[3] via P2P/IPC
gilbreth-c002:108572:108636 [2] NCCL INFO Channel 11/0 : 2[2] -> 3[3] via P2P/IPC
gilbreth-c002:108572:108636 [2] NCCL INFO Channel 02/0 : 2[2] -> 0[0] via P2P/IPC
gilbreth-c002:108572:108636 [2] NCCL INFO Channel 03/0 : 2[2] -> 0[0] via P2P/IPC
gilbreth-c002:108571:108641 [1] NCCL INFO Channel 02/0 : 1[1] -> 3[3] via P2P/IPC
gilbreth-c002:108573:108638 [3] NCCL INFO Channel 03/0 : 3[3] -> 1[1] via P2P/IPC
gilbreth-c002:108572:108636 [2] NCCL INFO Channel 08/0 : 2[2] -> 0[0] via P2P/IPC
gilbreth-c002:108571:108641 [1] NCCL INFO Channel 08/0 : 1[1] -> 3[3] via P2P/IPC
gilbreth-c002:108573:108638 [3] NCCL INFO Channel 09/0 : 3[3] -> 1[1] via P2P/IPC
gilbreth-c002:108572:108636 [2] NCCL INFO Channel 09/0 : 2[2] -> 0[0] via P2P/IPC
gilbreth-c002:108573:108638 [3] NCCL INFO Channel 00/0 : 3[3] -> 2[2] via P2P/IPC
gilbreth-c002:108573:108638 [3] NCCL INFO Channel 04/0 : 3[3] -> 2[2] via P2P/IPC
gilbreth-c002:108573:108638 [3] NCCL INFO Channel 06/0 : 3[3] -> 2[2] via P2P/IPC
gilbreth-c002:108573:108638 [3] NCCL INFO Channel 10/0 : 3[3] -> 2[2] via P2P/IPC
gilbreth-c002:108572:108636 [2] NCCL INFO Channel 00/0 : 2[2] -> 1[1] via P2P/IPC
gilbreth-c002:108571:108641 [1] NCCL INFO Channel 00/0 : 1[1] -> 0[0] via P2P/IPC
gilbreth-c002:108572:108636 [2] NCCL INFO Channel 01/0 : 2[2] -> 1[1] via P2P/IPC
gilbreth-c002:108571:108641 [1] NCCL INFO Channel 01/0 : 1[1] -> 0[0] via P2P/IPC
gilbreth-c002:108571:108641 [1] NCCL INFO Channel 04/0 : 1[1] -> 0[0] via P2P/IPC
gilbreth-c002:108572:108636 [2] NCCL INFO Channel 02/0 : 2[2] -> 1[1] via P2P/IPC
gilbreth-c002:108571:108641 [1] NCCL INFO Channel 06/0 : 1[1] -> 0[0] via P2P/IPC
gilbreth-c002:108572:108636 [2] NCCL INFO Channel 06/0 : 2[2] -> 1[1] via P2P/IPC
gilbreth-c002:108571:108641 [1] NCCL INFO Channel 07/0 : 1[1] -> 0[0] via P2P/IPC
gilbreth-c002:108571:108641 [1] NCCL INFO Channel 10/0 : 1[1] -> 0[0] via P2P/IPC
gilbreth-c002:108572:108636 [2] NCCL INFO Channel 07/0 : 2[2] -> 1[1] via P2P/IPC
gilbreth-c002:108572:108636 [2] NCCL INFO Channel 08/0 : 2[2] -> 1[1] via P2P/IPC
gilbreth-c002:108570:108632 [0] NCCL INFO Connected all trees
gilbreth-c002:108571:108641 [1] NCCL INFO Connected all trees
gilbreth-c002:108571:108641 [1] NCCL INFO threadThresholds 8/8/64 | 32/8/64 | 512 | 512
gilbreth-c002:108571:108641 [1] NCCL INFO 12 coll channels, 0 collnet channels, 0 nvls channels, 16 p2p channels, 4 p2p channels per peer
gilbreth-c002:108573:108638 [3] NCCL INFO Connected all trees
gilbreth-c002:108573:108638 [3] NCCL INFO threadThresholds 8/8/64 | 32/8/64 | 512 | 512
gilbreth-c002:108570:108632 [0] NCCL INFO threadThresholds 8/8/64 | 32/8/64 | 512 | 512
gilbreth-c002:108573:108638 [3] NCCL INFO 12 coll channels, 0 collnet channels, 0 nvls channels, 16 p2p channels, 4 p2p channels per peer
gilbreth-c002:108570:108632 [0] NCCL INFO 12 coll channels, 0 collnet channels, 0 nvls channels, 16 p2p channels, 4 p2p channels per peer
gilbreth-c002:108572:108636 [2] NCCL INFO Connected all trees
gilbreth-c002:108572:108636 [2] NCCL INFO threadThresholds 8/8/64 | 32/8/64 | 512 | 512
gilbreth-c002:108572:108636 [2] NCCL INFO 12 coll channels, 0 collnet channels, 0 nvls channels, 16 p2p channels, 4 p2p channels per peer
gilbreth-c002:108571:108641 [1] NCCL INFO comm 0x55baf7eed170 rank 1 nranks 4 cudaDev 1 nvmlDev 1 busId 62000 commId 0x9f2ce68020c8bf80 - Init COMPLETE
gilbreth-c002:108573:108638 [3] NCCL INFO comm 0x556c4dc96500 rank 3 nranks 4 cudaDev 3 nvmlDev 3 busId 8a000 commId 0x9f2ce68020c8bf80 - Init COMPLETE
gilbreth-c002:108570:108632 [0] NCCL INFO comm 0x556360fca900 rank 0 nranks 4 cudaDev 0 nvmlDev 0 busId 61000 commId 0x9f2ce68020c8bf80 - Init COMPLETE
gilbreth-c002:108572:108636 [2] NCCL INFO comm 0x55bbf0bdeee0 rank 2 nranks 4 cudaDev 2 nvmlDev 2 busId 89000 commId 0x9f2ce68020c8bf80 - Init COMPLETE
The token has not been saved to the git credentials helper. Pass `add_to_git_credential=True` in this function directly or `--add-to-git-credential` if using via `huggingface-cli` if you want to set the git credential as well.
The token has not been saved to the git credentials helper. Pass `add_to_git_credential=True` in this function directly or `--add-to-git-credential` if using via `huggingface-cli` if you want to set the git credential as well.
The token has not been saved to the git credentials helper. Pass `add_to_git_credential=True` in this function directly or `--add-to-git-credential` if using via `huggingface-cli` if you want to set the git credential as well.
The token has not been saved to the git credentials helper. Pass `add_to_git_credential=True` in this function directly or `--add-to-git-credential` if using via `huggingface-cli` if you want to set the git credential as well.
Token is valid (permission: fineGrained).
Token is valid (permission: fineGrained).
Your token has been saved to /home/ahmedb/.cache/huggingface/token
Login successful
Login to hub successful...!
Your token has been saved to /home/ahmedb/.cache/huggingface/token
Login successful
Login to hub successful...!
Token is valid (permission: fineGrained).
Your token has been saved to /home/ahmedb/.cache/huggingface/token
Login successful
Login to hub successful...!
Token is valid (permission: fineGrained).
Your token has been saved to /home/ahmedb/.cache/huggingface/token
Login successful
Login to hub successful...!
[rank0]:[E ProcessGroupNCCL.cpp:563] [Rank 0] Watchdog caught collective operation timeout: WorkNCCL(SeqNum=2, OpType=ALLGATHER, NumelIn=1, NumelOut=4, Timeout(ms)=600000) ran for 600091 milliseconds before timing out.
gilbreth-c002:108570:108656 [0] NCCL INFO [Service thread] Connection closed by localRank 0
[rank0]: Traceback (most recent call last):
[rank0]:   File "../scripts/pretrain_wav2vec2.py", line 144, in <module>
[rank0]:     train_wav2vec2(args)
[rank0]:   File "../scripts/pretrain_wav2vec2.py", line 62, in train_wav2vec2
[rank0]:     model = torch.nn.parallel.DistributedDataParallel(model,
[rank0]:   File "/home/ahmedb/.conda/envs/cent7/2020.11-py38/wav2letter/lib/python3.8/site-packages/torch/nn/parallel/distributed.py", line 798, in __init__
[rank0]:     _verify_param_shape_across_processes(self.process_group, parameters)
[rank0]:   File "/home/ahmedb/.conda/envs/cent7/2020.11-py38/wav2letter/lib/python3.8/site-packages/torch/distributed/utils.py", line 269, in _verify_param_shape_across_processes
[rank0]:     return dist._verify_params_across_processes(process_group, tensors, logger)
[rank0]: RuntimeError: DDP expects same model across all ranks, but Rank 0 has 218 params, while rank 1 has inconsistent 0 params.
[rank3]:[W socket.cpp:432] [c10d] While waitForInput, poolFD failed with (errno: 2 - No such file or directory).
[rank3]: Traceback (most recent call last):
[rank3]:   File "../scripts/pretrain_wav2vec2.py", line 144, in <module>
[rank3]:     train_wav2vec2(args)
[rank3]:   File "../scripts/pretrain_wav2vec2.py", line 62, in train_wav2vec2
[rank3]:     model = torch.nn.parallel.DistributedDataParallel(model,
[rank3]:   File "/home/ahmedb/.conda/envs/cent7/2020.11-py38/wav2letter/lib/python3.8/site-packages/torch/nn/parallel/distributed.py", line 798, in __init__
[rank3]:     _verify_param_shape_across_processes(self.process_group, parameters)
[rank3]:   File "/home/ahmedb/.conda/envs/cent7/2020.11-py38/wav2letter/lib/python3.8/site-packages/torch/distributed/utils.py", line 269, in _verify_param_shape_across_processes
[rank3]:     return dist._verify_params_across_processes(process_group, tensors, logger)
[rank3]: torch.distributed.DistBackendError: [3] is setting up NCCL communicator and retrieving ncclUniqueId from [0] via c10d key-value store by key '1', but store->get('1') got error: Socket Timeout
[rank3]: Exception raised from doWait at ../torch/csrc/distributed/c10d/TCPStore.cpp:563 (most recent call first):
[rank3]: frame #0: c10::Error::Error(c10::SourceLocation, std::string) + 0x57 (0x2b6bdea12897 in /home/ahmedb/.conda/envs/cent7/2020.11-py38/wav2letter/lib/python3.8/site-packages/torch/lib/libc10.so)
[rank3]: frame #1: <unknown function> + 0x166ffe7 (0x2b6b90926fe7 in /home/ahmedb/.conda/envs/cent7/2020.11-py38/wav2letter/lib/python3.8/site-packages/torch/lib/libtorch_cpu.so)
[rank3]: frame #2: c10d::TCPStore::doGet(std::string const&) + 0x32 (0x2b6b94debf82 in /home/ahmedb/.conda/envs/cent7/2020.11-py38/wav2letter/lib/python3.8/site-packages/torch/lib/libtorch_cpu.so)
[rank3]: frame #3: c10d::TCPStore::get(std::string const&) + 0xa1 (0x2b6b94decfd1 in /home/ahmedb/.conda/envs/cent7/2020.11-py38/wav2letter/lib/python3.8/site-packages/torch/lib/libtorch_cpu.so)
[rank3]: frame #4: c10d::PrefixStore::get(std::string const&) + 0x31 (0x2b6b94da1371 in /home/ahmedb/.conda/envs/cent7/2020.11-py38/wav2letter/lib/python3.8/site-packages/torch/lib/libtorch_cpu.so)
[rank3]: frame #5: c10d::PrefixStore::get(std::string const&) + 0x31 (0x2b6b94da1371 in /home/ahmedb/.conda/envs/cent7/2020.11-py38/wav2letter/lib/python3.8/site-packages/torch/lib/libtorch_cpu.so)
[rank3]: frame #6: c10d::PrefixStore::get(std::string const&) + 0x31 (0x2b6b94da1371 in /home/ahmedb/.conda/envs/cent7/2020.11-py38/wav2letter/lib/python3.8/site-packages/torch/lib/libtorch_cpu.so)
[rank3]: frame #7: c10d::PrefixStore::get(std::string const&) + 0x31 (0x2b6b94da1371 in /home/ahmedb/.conda/envs/cent7/2020.11-py38/wav2letter/lib/python3.8/site-packages/torch/lib/libtorch_cpu.so)
[rank3]: frame #8: c10d::ProcessGroupNCCL::broadcastUniqueNCCLID(ncclUniqueId*, bool, std::string const&, int) + 0xa9 (0x2b6ba7dad589 in /home/ahmedb/.conda/envs/cent7/2020.11-py38/wav2letter/lib/python3.8/site-packages/torch/lib/libtorch_cuda.so)
[rank3]: frame #9: c10d::ProcessGroupNCCL::getNCCLComm(std::string const&, c10::Device&, c10d::OpType, int, bool) + 0xc50 (0x2b6ba7db4a10 in /home/ahmedb/.conda/envs/cent7/2020.11-py38/wav2letter/lib/python3.8/site-packages/torch/lib/libtorch_cuda.so)
[rank3]: frame #10: c10d::ProcessGroupNCCL::allgather(std::vector<std::vector<at::Tensor, std::allocator<at::Tensor> >, std::allocator<std::vector<at::Tensor, std::allocator<at::Tensor> > > >&, std::vector<at::Tensor, std::allocator<at::Tensor> >&, c10d::AllgatherOptions const&) + 0x857 (0x2b6ba7dc7137 in /home/ahmedb/.conda/envs/cent7/2020.11-py38/wav2letter/lib/python3.8/site-packages/torch/lib/libtorch_cuda.so)
[rank3]: frame #11: <unknown function> + 0x5ade1dd (0x2b6b94d951dd in /home/ahmedb/.conda/envs/cent7/2020.11-py38/wav2letter/lib/python3.8/site-packages/torch/lib/libtorch_cpu.so)
[rank3]: frame #12: <unknown function> + 0x5ae7ea2 (0x2b6b94d9eea2 in /home/ahmedb/.conda/envs/cent7/2020.11-py38/wav2letter/lib/python3.8/site-packages/torch/lib/libtorch_cpu.so)
[rank3]: frame #13: <unknown function> + 0x5124446 (0x2b6b943db446 in /home/ahmedb/.conda/envs/cent7/2020.11-py38/wav2letter/lib/python3.8/site-packages/torch/lib/libtorch_cpu.so)
[rank3]: frame #14: <unknown function> + 0x1acf4b8 (0x2b6b90d864b8 in /home/ahmedb/.conda/envs/cent7/2020.11-py38/wav2letter/lib/python3.8/site-packages/torch/lib/libtorch_cpu.so)
[rank3]: frame #15: <unknown function> + 0x5aeff43 (0x2b6b94da6f43 in /home/ahmedb/.conda/envs/cent7/2020.11-py38/wav2letter/lib/python3.8/site-packages/torch/lib/libtorch_cpu.so)
[rank3]: frame #16: <unknown function> + 0x5afb73f (0x2b6b94db273f in /home/ahmedb/.conda/envs/cent7/2020.11-py38/wav2letter/lib/python3.8/site-packages/torch/lib/libtorch_cpu.so)
[rank3]: frame #17: c10d::verify_params_across_processes(c10::intrusive_ptr<c10d::ProcessGroup, c10::detail::intrusive_target_default_null_type<c10d::ProcessGroup> > const&, std::vector<at::Tensor, std::allocator<at::Tensor> > const&, std::optional<std::weak_ptr<c10d::Logger> > const&) + 0x26d (0x2b6b94e191ad in /home/ahmedb/.conda/envs/cent7/2020.11-py38/wav2letter/lib/python3.8/site-packages/torch/lib/libtorch_cpu.so)
[rank3]: frame #18: <unknown function> + 0xce0701 (0x2b6b8ec54701 in /home/ahmedb/.conda/envs/cent7/2020.11-py38/wav2letter/lib/python3.8/site-packages/torch/lib/libtorch_python.so)
[rank3]: frame #19: <unknown function> + 0x47cf7f (0x2b6b8e3f0f7f in /home/ahmedb/.conda/envs/cent7/2020.11-py38/wav2letter/lib/python3.8/site-packages/torch/lib/libtorch_python.so)
[rank3]: frame #20: PyCFunction_Call + 0x56 (0x556c414b3f76 in /home/ahmedb/.conda/envs/cent7/2020.11-py38/wav2letter/bin/python)
[rank3]: frame #21: _PyObject_MakeTpCall + 0x22f (0x556c4147185f in /home/ahmedb/.conda/envs/cent7/2020.11-py38/wav2letter/bin/python)
[rank3]: frame #22: _PyEval_EvalFrameDefault + 0x4596 (0x556c414f8f56 in /home/ahmedb/.conda/envs/cent7/2020.11-py38/wav2letter/bin/python)
[rank3]: frame #23: _PyEval_EvalCodeWithName + 0x2d2 (0x556c414bea92 in /home/ahmedb/.conda/envs/cent7/2020.11-py38/wav2letter/bin/python)
[rank3]: frame #24: _PyFunction_Vectorcall + 0x1e3 (0x556c414bf943 in /home/ahmedb/.conda/envs/cent7/2020.11-py38/wav2letter/bin/python)
[rank3]: frame #25: <unknown function> + 0xfeb84 (0x556c41432b84 in /home/ahmedb/.conda/envs/cent7/2020.11-py38/wav2letter/bin/python)
[rank3]: frame #26: _PyEval_EvalCodeWithName + 0x659 (0x556c414bee19 in /home/ahmedb/.conda/envs/cent7/2020.11-py38/wav2letter/bin/python)
[rank3]: frame #27: _PyFunction_Vectorcall + 0x1e3 (0x556c414bf943 in /home/ahmedb/.conda/envs/cent7/2020.11-py38/wav2letter/bin/python)
[rank3]: frame #28: _PyObject_FastCallDict + 0x24b (0x556c414c04cb in /home/ahmedb/.conda/envs/cent7/2020.11-py38/wav2letter/bin/python)
[rank3]: frame #29: _PyObject_Call_Prepend + 0x63 (0x556c414c0733 in /home/ahmedb/.conda/envs/cent7/2020.11-py38/wav2letter/bin/python)
[rank3]: frame #30: <unknown function> + 0x18c8ca (0x556c414c08ca in /home/ahmedb/.conda/envs/cent7/2020.11-py38/wav2letter/bin/python)
[rank3]: frame #31: _PyObject_MakeTpCall + 0x1a4 (0x556c414717d4 in /home/ahmedb/.conda/envs/cent7/2020.11-py38/wav2letter/bin/python)
[rank3]: frame #32: _PyEval_EvalFrameDefault + 0x11d0 (0x556c414f5b90 in /home/ahmedb/.conda/envs/cent7/2020.11-py38/wav2letter/bin/python)
[rank3]: frame #33: _PyFunction_Vectorcall + 0x10b (0x556c414bf86b in /home/ahmedb/.conda/envs/cent7/2020.11-py38/wav2letter/bin/python)
[rank3]: frame #34: <unknown function> + 0xfeb84 (0x556c41432b84 in /home/ahmedb/.conda/envs/cent7/2020.11-py38/wav2letter/bin/python)
[rank3]: frame #35: _PyEval_EvalCodeWithName + 0x2d2 (0x556c414bea92 in /home/ahmedb/.conda/envs/cent7/2020.11-py38/wav2letter/bin/python)
[rank3]: frame #36: PyEval_EvalCodeEx + 0x44 (0x556c414bf754 in /home/ahmedb/.conda/envs/cent7/2020.11-py38/wav2letter/bin/python)
[rank3]: frame #37: PyEval_EvalCode + 0x1c (0x556c4154dedc in /home/ahmedb/.conda/envs/cent7/2020.11-py38/wav2letter/bin/python)
[rank3]: frame #38: <unknown function> + 0x219f84 (0x556c4154df84 in /home/ahmedb/.conda/envs/cent7/2020.11-py38/wav2letter/bin/python)
[rank3]: frame #39: <unknown function> + 0x24c1f4 (0x556c415801f4 in /home/ahmedb/.conda/envs/cent7/2020.11-py38/wav2letter/bin/python)
[rank3]: frame #40: PyRun_FileExFlags + 0xa1 (0x556c414486e1 in /home/ahmedb/.conda/envs/cent7/2020.11-py38/wav2letter/bin/python)
[rank3]: frame #41: PyRun_SimpleFileExFlags + 0x3b4 (0x556c41448ac6 in /home/ahmedb/.conda/envs/cent7/2020.11-py38/wav2letter/bin/python)
[rank3]: frame #42: <unknown function> + 0x11598b (0x556c4144998b in /home/ahmedb/.conda/envs/cent7/2020.11-py38/wav2letter/bin/python)
[rank3]: frame #43: Py_BytesMain + 0x39 (0x556c41582d19 in /home/ahmedb/.conda/envs/cent7/2020.11-py38/wav2letter/bin/python)
[rank3]: frame #44: __libc_start_main + 0xf5 (0x2b6b76adf555 in /usr/lib64/libc.so.6)
[rank3]: frame #45: <unknown function> + 0x1dee93 (0x556c41512e93 in /home/ahmedb/.conda/envs/cent7/2020.11-py38/wav2letter/bin/python)
[rank3]: . This may indicate a possible application crash on rank 0 or a network set up issue.
[rank1]:[W socket.cpp:432] [c10d] While waitForInput, poolFD failed with (errno: 2 - No such file or directory).
[rank2]:[W socket.cpp:432] [c10d] While waitForInput, poolFD failed with (errno: 2 - No such file or directory).
[rank1]: Traceback (most recent call last):
[rank1]:   File "../scripts/pretrain_wav2vec2.py", line 144, in <module>
[rank1]:     train_wav2vec2(args)
[rank1]:   File "../scripts/pretrain_wav2vec2.py", line 62, in train_wav2vec2
[rank1]:     model = torch.nn.parallel.DistributedDataParallel(model,
[rank1]:   File "/home/ahmedb/.conda/envs/cent7/2020.11-py38/wav2letter/lib/python3.8/site-packages/torch/nn/parallel/distributed.py", line 798, in __init__
[rank1]:     _verify_param_shape_across_processes(self.process_group, parameters)
[rank1]:   File "/home/ahmedb/.conda/envs/cent7/2020.11-py38/wav2letter/lib/python3.8/site-packages/torch/distributed/utils.py", line 269, in _verify_param_shape_across_processes
[rank1]:     return dist._verify_params_across_processes(process_group, tensors, logger)
[rank1]: torch.distributed.DistBackendError: [1] is setting up NCCL communicator and retrieving ncclUniqueId from [0] via c10d key-value store by key '1', but store->get('1') got error: Socket Timeout
[rank1]: Exception raised from doWait at ../torch/csrc/distributed/c10d/TCPStore.cpp:563 (most recent call first):
[rank1]: frame #0: c10::Error::Error(c10::SourceLocation, std::string) + 0x57 (0x2b28a2585897 in /home/ahmedb/.conda/envs/cent7/2020.11-py38/wav2letter/lib/python3.8/site-packages/torch/lib/libc10.so)
[rank1]: frame #1: <unknown function> + 0x166ffe7 (0x2b2854499fe7 in /home/ahmedb/.conda/envs/cent7/2020.11-py38/wav2letter/lib/python3.8/site-packages/torch/lib/libtorch_cpu.so)
[rank1]: frame #2: c10d::TCPStore::doGet(std::string const&) + 0x32 (0x2b285895ef82 in /home/ahmedb/.conda/envs/cent7/2020.11-py38/wav2letter/lib/python3.8/site-packages/torch/lib/libtorch_cpu.so)
[rank1]: frame #3: c10d::TCPStore::get(std::string const&) + 0xa1 (0x2b285895ffd1 in /home/ahmedb/.conda/envs/cent7/2020.11-py38/wav2letter/lib/python3.8/site-packages/torch/lib/libtorch_cpu.so)
[rank1]: frame #4: c10d::PrefixStore::get(std::string const&) + 0x31 (0x2b2858914371 in /home/ahmedb/.conda/envs/cent7/2020.11-py38/wav2letter/lib/python3.8/site-packages/torch/lib/libtorch_cpu.so)
[rank1]: frame #5: c10d::PrefixStore::get(std::string const&) + 0x31 (0x2b2858914371 in /home/ahmedb/.conda/envs/cent7/2020.11-py38/wav2letter/lib/python3.8/site-packages/torch/lib/libtorch_cpu.so)
[rank1]: frame #6: c10d::PrefixStore::get(std::string const&) + 0x31 (0x2b2858914371 in /home/ahmedb/.conda/envs/cent7/2020.11-py38/wav2letter/lib/python3.8/site-packages/torch/lib/libtorch_cpu.so)
[rank1]: frame #7: c10d::PrefixStore::get(std::string const&) + 0x31 (0x2b2858914371 in /home/ahmedb/.conda/envs/cent7/2020.11-py38/wav2letter/lib/python3.8/site-packages/torch/lib/libtorch_cpu.so)
[rank1]: frame #8: c10d::ProcessGroupNCCL::broadcastUniqueNCCLID(ncclUniqueId*, bool, std::string const&, int) + 0xa9 (0x2b286b920589 in /home/ahmedb/.conda/envs/cent7/2020.11-py38/wav2letter/lib/python3.8/site-packages/torch/lib/libtorch_cuda.so)
[rank1]: frame #9: c10d::ProcessGroupNCCL::getNCCLComm(std::string const&, c10::Device&, c10d::OpType, int, bool) + 0xc50 (0x2b286b927a10 in /home/ahmedb/.conda/envs/cent7/2020.11-py38/wav2letter/lib/python3.8/site-packages/torch/lib/libtorch_cuda.so)
[rank1]: frame #10: c10d::ProcessGroupNCCL::allgather(std::vector<std::vector<at::Tensor, std::allocator<at::Tensor> >, std::allocator<std::vector<at::Tensor, std::allocator<at::Tensor> > > >&, std::vector<at::Tensor, std::allocator<at::Tensor> >&, c10d::AllgatherOptions const&) + 0x857 (0x2b286b93a137 in /home/ahmedb/.conda/envs/cent7/2020.11-py38/wav2letter/lib/python3.8/site-packages/torch/lib/libtorch_cuda.so)
[rank1]: frame #11: <unknown function> + 0x5ade1dd (0x2b28589081dd in /home/ahmedb/.conda/envs/cent7/2020.11-py38/wav2letter/lib/python3.8/site-packages/torch/lib/libtorch_cpu.so)
[rank1]: frame #12: <unknown function> + 0x5ae7ea2 (0x2b2858911ea2 in /home/ahmedb/.conda/envs/cent7/2020.11-py38/wav2letter/lib/python3.8/site-packages/torch/lib/libtorch_cpu.so)
[rank1]: frame #13: <unknown function> + 0x5124446 (0x2b2857f4e446 in /home/ahmedb/.conda/envs/cent7/2020.11-py38/wav2letter/lib/python3.8/site-packages/torch/lib/libtorch_cpu.so)
[rank1]: frame #14: <unknown function> + 0x1acf4b8 (0x2b28548f94b8 in /home/ahmedb/.conda/envs/cent7/2020.11-py38/wav2letter/lib/python3.8/site-packages/torch/lib/libtorch_cpu.so)
[rank1]: frame #15: <unknown function> + 0x5aeff43 (0x2b2858919f43 in /home/ahmedb/.conda/envs/cent7/2020.11-py38/wav2letter/lib/python3.8/site-packages/torch/lib/libtorch_cpu.so)
[rank1]: frame #16: <unknown function> + 0x5afb73f (0x2b285892573f in /home/ahmedb/.conda/envs/cent7/2020.11-py38/wav2letter/lib/python3.8/site-packages/torch/lib/libtorch_cpu.so)
[rank1]: frame #17: c10d::verify_params_across_processes(c10::intrusive_ptr<c10d::ProcessGroup, c10::detail::intrusive_target_default_null_type<c10d::ProcessGroup> > const&, std::vector<at::Tensor, std::allocator<at::Tensor> > const&, std::optional<std::weak_ptr<c10d::Logger> > const&) + 0x26d (0x2b285898c1ad in /home/ahmedb/.conda/envs/cent7/2020.11-py38/wav2letter/lib/python3.8/site-packages/torch/lib/libtorch_cpu.so)
[rank1]: frame #18: <unknown function> + 0xce0701 (0x2b28527c7701 in /home/ahmedb/.conda/envs/cent7/2020.11-py38/wav2letter/lib/python3.8/site-packages/torch/lib/libtorch_python.so)
[rank1]: frame #19: <unknown function> + 0x47cf7f (0x2b2851f63f7f in /home/ahmedb/.conda/envs/cent7/2020.11-py38/wav2letter/lib/python3.8/site-packages/torch/lib/libtorch_python.so)
[rank1]: frame #20: PyCFunction_Call + 0x56 (0x55baea650f76 in /home/ahmedb/.conda/envs/cent7/2020.11-py38/wav2letter/bin/python)
[rank1]: frame #21: _PyObject_MakeTpCall + 0x22f (0x55baea60e85f in /home/ahmedb/.conda/envs/cent7/2020.11-py38/wav2letter/bin/python)
[rank1]: frame #22: _PyEval_EvalFrameDefault + 0x4596 (0x55baea695f56 in /home/ahmedb/.conda/envs/cent7/2020.11-py38/wav2letter/bin/python)
[rank1]: frame #23: _PyEval_EvalCodeWithName + 0x2d2 (0x55baea65ba92 in /home/ahmedb/.conda/envs/cent7/2020.11-py38/wav2letter/bin/python)
[rank1]: frame #24: _PyFunction_Vectorcall + 0x1e3 (0x55baea65c943 in /home/ahmedb/.conda/envs/cent7/2020.11-py38/wav2letter/bin/python)
[rank1]: frame #25: <unknown function> + 0xfeb84 (0x55baea5cfb84 in /home/ahmedb/.conda/envs/cent7/2020.11-py38/wav2letter/bin/python)
[rank1]: frame #26: _PyEval_EvalCodeWithName + 0x659 (0x55baea65be19 in /home/ahmedb/.conda/envs/cent7/2020.11-py38/wav2letter/bin/python)
[rank1]: frame #27: _PyFunction_Vectorcall + 0x1e3 (0x55baea65c943 in /home/ahmedb/.conda/envs/cent7/2020.11-py38/wav2letter/bin/python)
[rank1]: frame #28: _PyObject_FastCallDict + 0x24b (0x55baea65d4cb in /home/ahmedb/.conda/envs/cent7/2020.11-py38/wav2letter/bin/python)
[rank1]: frame #29: _PyObject_Call_Prepend + 0x63 (0x55baea65d733 in /home/ahmedb/.conda/envs/cent7/2020.11-py38/wav2letter/bin/python)
[rank1]: frame #30: <unknown function> + 0x18c8ca (0x55baea65d8ca in /home/ahmedb/.conda/envs/cent7/2020.11-py38/wav2letter/bin/python)
[rank1]: frame #31: _PyObject_MakeTpCall + 0x1a4 (0x55baea60e7d4 in /home/ahmedb/.conda/envs/cent7/2020.11-py38/wav2letter/bin/python)
[rank1]: frame #32: _PyEval_EvalFrameDefault + 0x11d0 (0x55baea692b90 in /home/ahmedb/.conda/envs/cent7/2020.11-py38/wav2letter/bin/python)
[rank1]: frame #33: _PyFunction_Vectorcall + 0x10b (0x55baea65c86b in /home/ahmedb/.conda/envs/cent7/2020.11-py38/wav2letter/bin/python)
[rank1]: frame #34: <unknown function> + 0xfeb84 (0x55baea5cfb84 in /home/ahmedb/.conda/envs/cent7/2020.11-py38/wav2letter/bin/python)
[rank1]: frame #35: _PyEval_EvalCodeWithName + 0x2d2 (0x55baea65ba92 in /home/ahmedb/.conda/envs/cent7/2020.11-py38/wav2letter/bin/python)
[rank1]: frame #36: PyEval_EvalCodeEx + 0x44 (0x55baea65c754 in /home/ahmedb/.conda/envs/cent7/2020.11-py38/wav2letter/bin/python)
[rank1]: frame #37: PyEval_EvalCode + 0x1c (0x55baea6eaedc in /home/ahmedb/.conda/envs/cent7/2020.11-py38/wav2letter/bin/python)
[rank1]: frame #38: <unknown function> + 0x219f84 (0x55baea6eaf84 in /home/ahmedb/.conda/envs/cent7/2020.11-py38/wav2letter/bin/python)
[rank1]: frame #39: <unknown function> + 0x24c1f4 (0x55baea71d1f4 in /home/ahmedb/.conda/envs/cent7/2020.11-py38/wav2letter/bin/python)
[rank1]: frame #40: PyRun_FileExFlags + 0xa1 (0x55baea5e56e1 in /home/ahmedb/.conda/envs/cent7/2020.11-py38/wav2letter/bin/python)
[rank1]: frame #41: PyRun_SimpleFileExFlags + 0x3b4 (0x55baea5e5ac6 in /home/ahmedb/.conda/envs/cent7/2020.11-py38/wav2letter/bin/python)
[rank1]: frame #42: <unknown function> + 0x11598b (0x55baea5e698b in /home/ahmedb/.conda/envs/cent7/2020.11-py38/wav2letter/bin/python)
[rank1]: frame #43: Py_BytesMain + 0x39 (0x55baea71fd19 in /home/ahmedb/.conda/envs/cent7/2020.11-py38/wav2letter/bin/python)
[rank1]: frame #44: __libc_start_main + 0xf5 (0x2b283a652555 in /usr/lib64/libc.so.6)
[rank1]: frame #45: <unknown function> + 0x1dee93 (0x55baea6afe93 in /home/ahmedb/.conda/envs/cent7/2020.11-py38/wav2letter/bin/python)
[rank1]: . This may indicate a possible application crash on rank 0 or a network set up issue.
[rank2]: Traceback (most recent call last):
[rank2]:   File "../scripts/pretrain_wav2vec2.py", line 144, in <module>
[rank2]:     train_wav2vec2(args)
[rank2]:   File "../scripts/pretrain_wav2vec2.py", line 62, in train_wav2vec2
[rank2]:     model = torch.nn.parallel.DistributedDataParallel(model,
[rank2]:   File "/home/ahmedb/.conda/envs/cent7/2020.11-py38/wav2letter/lib/python3.8/site-packages/torch/nn/parallel/distributed.py", line 798, in __init__
[rank2]:     _verify_param_shape_across_processes(self.process_group, parameters)
[rank2]:   File "/home/ahmedb/.conda/envs/cent7/2020.11-py38/wav2letter/lib/python3.8/site-packages/torch/distributed/utils.py", line 269, in _verify_param_shape_across_processes
[rank2]:     return dist._verify_params_across_processes(process_group, tensors, logger)
[rank2]: torch.distributed.DistBackendError: [2] is setting up NCCL communicator and retrieving ncclUniqueId from [0] via c10d key-value store by key '1', but store->get('1') got error: Socket Timeout
[rank2]: Exception raised from doWait at ../torch/csrc/distributed/c10d/TCPStore.cpp:563 (most recent call first):
[rank2]: frame #0: c10::Error::Error(c10::SourceLocation, std::string) + 0x57 (0x2b4adf12e897 in /home/ahmedb/.conda/envs/cent7/2020.11-py38/wav2letter/lib/python3.8/site-packages/torch/lib/libc10.so)
[rank2]: frame #1: <unknown function> + 0x166ffe7 (0x2b4a91042fe7 in /home/ahmedb/.conda/envs/cent7/2020.11-py38/wav2letter/lib/python3.8/site-packages/torch/lib/libtorch_cpu.so)
[rank2]: frame #2: c10d::TCPStore::doGet(std::string const&) + 0x32 (0x2b4a95507f82 in /home/ahmedb/.conda/envs/cent7/2020.11-py38/wav2letter/lib/python3.8/site-packages/torch/lib/libtorch_cpu.so)
[rank2]: frame #3: c10d::TCPStore::get(std::string const&) + 0xa1 (0x2b4a95508fd1 in /home/ahmedb/.conda/envs/cent7/2020.11-py38/wav2letter/lib/python3.8/site-packages/torch/lib/libtorch_cpu.so)
[rank2]: frame #4: c10d::PrefixStore::get(std::string const&) + 0x31 (0x2b4a954bd371 in /home/ahmedb/.conda/envs/cent7/2020.11-py38/wav2letter/lib/python3.8/site-packages/torch/lib/libtorch_cpu.so)
[rank2]: frame #5: c10d::PrefixStore::get(std::string const&) + 0x31 (0x2b4a954bd371 in /home/ahmedb/.conda/envs/cent7/2020.11-py38/wav2letter/lib/python3.8/site-packages/torch/lib/libtorch_cpu.so)
[rank2]: frame #6: c10d::PrefixStore::get(std::string const&) + 0x31 (0x2b4a954bd371 in /home/ahmedb/.conda/envs/cent7/2020.11-py38/wav2letter/lib/python3.8/site-packages/torch/lib/libtorch_cpu.so)
[rank2]: frame #7: c10d::PrefixStore::get(std::string const&) + 0x31 (0x2b4a954bd371 in /home/ahmedb/.conda/envs/cent7/2020.11-py38/wav2letter/lib/python3.8/site-packages/torch/lib/libtorch_cpu.so)
[rank2]: frame #8: c10d::ProcessGroupNCCL::broadcastUniqueNCCLID(ncclUniqueId*, bool, std::string const&, int) + 0xa9 (0x2b4aa84c9589 in /home/ahmedb/.conda/envs/cent7/2020.11-py38/wav2letter/lib/python3.8/site-packages/torch/lib/libtorch_cuda.so)
[rank2]: frame #9: c10d::ProcessGroupNCCL::getNCCLComm(std::string const&, c10::Device&, c10d::OpType, int, bool) + 0xc50 (0x2b4aa84d0a10 in /home/ahmedb/.conda/envs/cent7/2020.11-py38/wav2letter/lib/python3.8/site-packages/torch/lib/libtorch_cuda.so)
[rank2]: frame #10: c10d::ProcessGroupNCCL::allgather(std::vector<std::vector<at::Tensor, std::allocator<at::Tensor> >, std::allocator<std::vector<at::Tensor, std::allocator<at::Tensor> > > >&, std::vector<at::Tensor, std::allocator<at::Tensor> >&, c10d::AllgatherOptions const&) + 0x857 (0x2b4aa84e3137 in /home/ahmedb/.conda/envs/cent7/2020.11-py38/wav2letter/lib/python3.8/site-packages/torch/lib/libtorch_cuda.so)
[rank2]: frame #11: <unknown function> + 0x5ade1dd (0x2b4a954b11dd in /home/ahmedb/.conda/envs/cent7/2020.11-py38/wav2letter/lib/python3.8/site-packages/torch/lib/libtorch_cpu.so)
[rank2]: frame #12: <unknown function> + 0x5ae7ea2 (0x2b4a954baea2 in /home/ahmedb/.conda/envs/cent7/2020.11-py38/wav2letter/lib/python3.8/site-packages/torch/lib/libtorch_cpu.so)
[rank2]: frame #13: <unknown function> + 0x5124446 (0x2b4a94af7446 in /home/ahmedb/.conda/envs/cent7/2020.11-py38/wav2letter/lib/python3.8/site-packages/torch/lib/libtorch_cpu.so)
[rank2]: frame #14: <unknown function> + 0x1acf4b8 (0x2b4a914a24b8 in /home/ahmedb/.conda/envs/cent7/2020.11-py38/wav2letter/lib/python3.8/site-packages/torch/lib/libtorch_cpu.so)
[rank2]: frame #15: <unknown function> + 0x5aeff43 (0x2b4a954c2f43 in /home/ahmedb/.conda/envs/cent7/2020.11-py38/wav2letter/lib/python3.8/site-packages/torch/lib/libtorch_cpu.so)
[rank2]: frame #16: <unknown function> + 0x5afb73f (0x2b4a954ce73f in /home/ahmedb/.conda/envs/cent7/2020.11-py38/wav2letter/lib/python3.8/site-packages/torch/lib/libtorch_cpu.so)
[rank2]: frame #17: c10d::verify_params_across_processes(c10::intrusive_ptr<c10d::ProcessGroup, c10::detail::intrusive_target_default_null_type<c10d::ProcessGroup> > const&, std::vector<at::Tensor, std::allocator<at::Tensor> > const&, std::optional<std::weak_ptr<c10d::Logger> > const&) + 0x26d (0x2b4a955351ad in /home/ahmedb/.conda/envs/cent7/2020.11-py38/wav2letter/lib/python3.8/site-packages/torch/lib/libtorch_cpu.so)
[rank2]: frame #18: <unknown function> + 0xce0701 (0x2b4a8f370701 in /home/ahmedb/.conda/envs/cent7/2020.11-py38/wav2letter/lib/python3.8/site-packages/torch/lib/libtorch_python.so)
[rank2]: frame #19: <unknown function> + 0x47cf7f (0x2b4a8eb0cf7f in /home/ahmedb/.conda/envs/cent7/2020.11-py38/wav2letter/lib/python3.8/site-packages/torch/lib/libtorch_python.so)
[rank2]: frame #20: PyCFunction_Call + 0x56 (0x55bbe4108f76 in /home/ahmedb/.conda/envs/cent7/2020.11-py38/wav2letter/bin/python)
[rank2]: frame #21: _PyObject_MakeTpCall + 0x22f (0x55bbe40c685f in /home/ahmedb/.conda/envs/cent7/2020.11-py38/wav2letter/bin/python)
[rank2]: frame #22: _PyEval_EvalFrameDefault + 0x4596 (0x55bbe414df56 in /home/ahmedb/.conda/envs/cent7/2020.11-py38/wav2letter/bin/python)
[rank2]: frame #23: _PyEval_EvalCodeWithName + 0x2d2 (0x55bbe4113a92 in /home/ahmedb/.conda/envs/cent7/2020.11-py38/wav2letter/bin/python)
[rank2]: frame #24: _PyFunction_Vectorcall + 0x1e3 (0x55bbe4114943 in /home/ahmedb/.conda/envs/cent7/2020.11-py38/wav2letter/bin/python)
[rank2]: frame #25: <unknown function> + 0xfeb84 (0x55bbe4087b84 in /home/ahmedb/.conda/envs/cent7/2020.11-py38/wav2letter/bin/python)
[rank2]: frame #26: _PyEval_EvalCodeWithName + 0x659 (0x55bbe4113e19 in /home/ahmedb/.conda/envs/cent7/2020.11-py38/wav2letter/bin/python)
[rank2]: frame #27: _PyFunction_Vectorcall + 0x1e3 (0x55bbe4114943 in /home/ahmedb/.conda/envs/cent7/2020.11-py38/wav2letter/bin/python)
[rank2]: frame #28: _PyObject_FastCallDict + 0x24b (0x55bbe41154cb in /home/ahmedb/.conda/envs/cent7/2020.11-py38/wav2letter/bin/python)
[rank2]: frame #29: _PyObject_Call_Prepend + 0x63 (0x55bbe4115733 in /home/ahmedb/.conda/envs/cent7/2020.11-py38/wav2letter/bin/python)
[rank2]: frame #30: <unknown function> + 0x18c8ca (0x55bbe41158ca in /home/ahmedb/.conda/envs/cent7/2020.11-py38/wav2letter/bin/python)
[rank2]: frame #31: _PyObject_MakeTpCall + 0x1a4 (0x55bbe40c67d4 in /home/ahmedb/.conda/envs/cent7/2020.11-py38/wav2letter/bin/python)
[rank2]: frame #32: _PyEval_EvalFrameDefault + 0x11d0 (0x55bbe414ab90 in /home/ahmedb/.conda/envs/cent7/2020.11-py38/wav2letter/bin/python)
[rank2]: frame #33: _PyFunction_Vectorcall + 0x10b (0x55bbe411486b in /home/ahmedb/.conda/envs/cent7/2020.11-py38/wav2letter/bin/python)
[rank2]: frame #34: <unknown function> + 0xfeb84 (0x55bbe4087b84 in /home/ahmedb/.conda/envs/cent7/2020.11-py38/wav2letter/bin/python)
[rank2]: frame #35: _PyEval_EvalCodeWithName + 0x2d2 (0x55bbe4113a92 in /home/ahmedb/.conda/envs/cent7/2020.11-py38/wav2letter/bin/python)
[rank2]: frame #36: PyEval_EvalCodeEx + 0x44 (0x55bbe4114754 in /home/ahmedb/.conda/envs/cent7/2020.11-py38/wav2letter/bin/python)
[rank2]: frame #37: PyEval_EvalCode + 0x1c (0x55bbe41a2edc in /home/ahmedb/.conda/envs/cent7/2020.11-py38/wav2letter/bin/python)
[rank2]: frame #38: <unknown function> + 0x219f84 (0x55bbe41a2f84 in /home/ahmedb/.conda/envs/cent7/2020.11-py38/wav2letter/bin/python)
[rank2]: frame #39: <unknown function> + 0x24c1f4 (0x55bbe41d51f4 in /home/ahmedb/.conda/envs/cent7/2020.11-py38/wav2letter/bin/python)
[rank2]: frame #40: PyRun_FileExFlags + 0xa1 (0x55bbe409d6e1 in /home/ahmedb/.conda/envs/cent7/2020.11-py38/wav2letter/bin/python)
[rank2]: frame #41: PyRun_SimpleFileExFlags + 0x3b4 (0x55bbe409dac6 in /home/ahmedb/.conda/envs/cent7/2020.11-py38/wav2letter/bin/python)
[rank2]: frame #42: <unknown function> + 0x11598b (0x55bbe409e98b in /home/ahmedb/.conda/envs/cent7/2020.11-py38/wav2letter/bin/python)
[rank2]: frame #43: Py_BytesMain + 0x39 (0x55bbe41d7d19 in /home/ahmedb/.conda/envs/cent7/2020.11-py38/wav2letter/bin/python)
[rank2]: frame #44: __libc_start_main + 0xf5 (0x2b4a771fb555 in /usr/lib64/libc.so.6)
[rank2]: frame #45: <unknown function> + 0x1dee93 (0x55bbe4167e93 in /home/ahmedb/.conda/envs/cent7/2020.11-py38/wav2letter/bin/python)
[rank2]: . This may indicate a possible application crash on rank 0 or a network set up issue.
gilbreth-c002:108570:108614 [0] NCCL INFO comm 0x556360fca900 rank 0 nranks 4 cudaDev 0 busId 61000 - Abort COMPLETE
[rank0]:[E ProcessGroupNCCL.cpp:1537] [PG 0 Rank 0] Timeout at NCCL work: 2, last enqueued NCCL work: 2, last completed NCCL work: 1.
[rank0]:[E ProcessGroupNCCL.cpp:577] [Rank 0] Some NCCL operations have failed or timed out. Due to the asynchronous nature of CUDA kernels, subsequent GPU operations might run on corrupted/incomplete data.
[rank0]:[E ProcessGroupNCCL.cpp:583] [Rank 0] To avoid data inconsistency, we are taking the entire process down.
[rank0]:[E ProcessGroupNCCL.cpp:1414] [PG 0 Rank 0] Process group watchdog thread terminated with exception: [Rank 0] Watchdog caught collective operation timeout: WorkNCCL(SeqNum=2, OpType=ALLGATHER, NumelIn=1, NumelOut=4, Timeout(ms)=600000) ran for 600091 milliseconds before timing out.
Exception raised from checkTimeout at ../torch/csrc/distributed/c10d/ProcessGroupNCCL.cpp:565 (most recent call first):
frame #0: c10::Error::Error(c10::SourceLocation, std::string) + 0x57 (0x2b2b52f70897 in /home/ahmedb/.conda/envs/cent7/2020.11-py38/wav2letter/lib/python3.8/site-packages/torch/lib/libc10.so)
frame #1: c10d::ProcessGroupNCCL::WorkNCCL::checkTimeout(std::optional<std::chrono::duration<long, std::ratio<1l, 1000l> > >) + 0x1d2 (0x2b2b1c30b062 in /home/ahmedb/.conda/envs/cent7/2020.11-py38/wav2letter/lib/python3.8/site-packages/torch/lib/libtorch_cuda.so)
frame #2: c10d::ProcessGroupNCCL::watchdogHandler() + 0x1a0 (0x2b2b1c30fe80 in /home/ahmedb/.conda/envs/cent7/2020.11-py38/wav2letter/lib/python3.8/site-packages/torch/lib/libtorch_cuda.so)
frame #3: c10d::ProcessGroupNCCL::ncclCommWatchdog() + 0x10c (0x2b2b1c3111cc in /home/ahmedb/.conda/envs/cent7/2020.11-py38/wav2letter/lib/python3.8/site-packages/torch/lib/libtorch_cuda.so)
frame #4: <unknown function> + 0xcda93 (0x2b2b023cca93 in /home/ahmedb/.conda/envs/cent7/2020.11-py38/wav2letter/bin/../lib/libstdc++.so.6)
frame #5: <unknown function> + 0x7ea5 (0x2b2aeae06ea5 in /usr/lib64/libpthread.so.0)
frame #6: clone + 0x6d (0x2b2aeb119b0d in /usr/lib64/libc.so.6)

terminate called after throwing an instance of 'c10::DistBackendError'
  what():  [PG 0 Rank 0] Process group watchdog thread terminated with exception: [Rank 0] Watchdog caught collective operation timeout: WorkNCCL(SeqNum=2, OpType=ALLGATHER, NumelIn=1, NumelOut=4, Timeout(ms)=600000) ran for 600091 milliseconds before timing out.
Exception raised from checkTimeout at ../torch/csrc/distributed/c10d/ProcessGroupNCCL.cpp:565 (most recent call first):
frame #0: c10::Error::Error(c10::SourceLocation, std::string) + 0x57 (0x2b2b52f70897 in /home/ahmedb/.conda/envs/cent7/2020.11-py38/wav2letter/lib/python3.8/site-packages/torch/lib/libc10.so)
